Component: ARM Compiler 6.16 Tool: armlink [5dfeaa00]

==============================================================================

Section Cross References

    startup_stm32l433xx.o(STACK) refers (Special) to heapauxi.o(.text) for __use_two_region_memory
    startup_stm32l433xx.o(HEAP) refers (Special) to heapauxi.o(.text) for __use_two_region_memory
    startup_stm32l433xx.o(RESET) refers (Special) to heapauxi.o(.text) for __use_two_region_memory
    startup_stm32l433xx.o(RESET) refers to startup_stm32l433xx.o(STACK) for __initial_sp
    startup_stm32l433xx.o(RESET) refers to startup_stm32l433xx.o(.text) for Reset_Handler
    startup_stm32l433xx.o(RESET) refers to stm32l4xx_it.o(.text.NMI_Handler) for NMI_Handler
    startup_stm32l433xx.o(RESET) refers to stm32l4xx_it.o(.text.HardFault_Handler) for HardFault_Handler
    startup_stm32l433xx.o(RESET) refers to stm32l4xx_it.o(.text.MemManage_Handler) for MemManage_Handler
    startup_stm32l433xx.o(RESET) refers to stm32l4xx_it.o(.text.BusFault_Handler) for BusFault_Handler
    startup_stm32l433xx.o(RESET) refers to stm32l4xx_it.o(.text.UsageFault_Handler) for UsageFault_Handler
    startup_stm32l433xx.o(RESET) refers to stm32l4xx_it.o(.text.SVC_Handler) for SVC_Handler
    startup_stm32l433xx.o(RESET) refers to stm32l4xx_it.o(.text.DebugMon_Handler) for DebugMon_Handler
    startup_stm32l433xx.o(RESET) refers to stm32l4xx_it.o(.text.PendSV_Handler) for PendSV_Handler
    startup_stm32l433xx.o(RESET) refers to stm32l4xx_it.o(.text.SysTick_Handler) for SysTick_Handler
    startup_stm32l433xx.o(RESET) refers to stm32l4xx_it.o(.text.USART1_IRQHandler) for USART1_IRQHandler
    startup_stm32l433xx.o(RESET) refers to stm32l4xx_it.o(.text.USART2_IRQHandler) for USART2_IRQHandler
    startup_stm32l433xx.o(.text) refers (Special) to heapauxi.o(.text) for __use_two_region_memory
    startup_stm32l433xx.o(.text) refers to system_stm32l4xx.o(.text.SystemInit) for SystemInit
    startup_stm32l433xx.o(.text) refers to __main.o(!!!main) for __main
    startup_stm32l433xx.o(.text) refers to startup_stm32l433xx.o(HEAP) for Heap_Mem
    startup_stm32l433xx.o(.text) refers to startup_stm32l433xx.o(STACK) for Stack_Mem
    main.o(.text) refers (Special) to _printf_d.o(.ARM.Collect$$_printf_percent$$00000009) for _printf_d
    main.o(.text) refers (Special) to _printf_dec.o(.text) for _printf_int_dec
    main.o(.text) refers (Special) to _printf_percent.o(.ARM.Collect$$_printf_percent$$00000000) for _printf_percent
    main.o(.text) refers (Special) to _printf_s.o(.ARM.Collect$$_printf_percent$$00000014) for _printf_s
    main.o(.text) refers (Special) to _printf_str.o(.text) for _printf_str
    main.o(.text) refers (Special) to _printf_u.o(.ARM.Collect$$_printf_percent$$0000000A) for _printf_u
    main.o(.text.time_current) refers (Special) to _printf_d.o(.ARM.Collect$$_printf_percent$$00000009) for _printf_d
    main.o(.text.time_current) refers (Special) to _printf_dec.o(.text) for _printf_int_dec
    main.o(.text.time_current) refers (Special) to _printf_percent.o(.ARM.Collect$$_printf_percent$$00000000) for _printf_percent
    main.o(.text.time_current) refers (Special) to _printf_s.o(.ARM.Collect$$_printf_percent$$00000014) for _printf_s
    main.o(.text.time_current) refers (Special) to _printf_str.o(.text) for _printf_str
    main.o(.text.time_current) refers (Special) to _printf_u.o(.ARM.Collect$$_printf_percent$$0000000A) for _printf_u
    main.o(.ARM.exidx.text.time_current) refers (Special) to _printf_d.o(.ARM.Collect$$_printf_percent$$00000009) for _printf_d
    main.o(.ARM.exidx.text.time_current) refers (Special) to _printf_dec.o(.text) for _printf_int_dec
    main.o(.ARM.exidx.text.time_current) refers (Special) to _printf_percent.o(.ARM.Collect$$_printf_percent$$00000000) for _printf_percent
    main.o(.ARM.exidx.text.time_current) refers (Special) to _printf_s.o(.ARM.Collect$$_printf_percent$$00000014) for _printf_s
    main.o(.ARM.exidx.text.time_current) refers (Special) to _printf_str.o(.text) for _printf_str
    main.o(.ARM.exidx.text.time_current) refers (Special) to _printf_u.o(.ARM.Collect$$_printf_percent$$0000000A) for _printf_u
    main.o(.ARM.exidx.text.time_current) refers to main.o(.text.time_current) for [Anonymous Symbol]
    main.o(.text.time_elapsed) refers (Special) to _printf_d.o(.ARM.Collect$$_printf_percent$$00000009) for _printf_d
    main.o(.text.time_elapsed) refers (Special) to _printf_dec.o(.text) for _printf_int_dec
    main.o(.text.time_elapsed) refers (Special) to _printf_percent.o(.ARM.Collect$$_printf_percent$$00000000) for _printf_percent
    main.o(.text.time_elapsed) refers (Special) to _printf_s.o(.ARM.Collect$$_printf_percent$$00000014) for _printf_s
    main.o(.text.time_elapsed) refers (Special) to _printf_str.o(.text) for _printf_str
    main.o(.text.time_elapsed) refers (Special) to _printf_u.o(.ARM.Collect$$_printf_percent$$0000000A) for _printf_u
[...]
    gxaes_subBytes                           0x0800f735   Thumb Code   130  gxaes.o(.text.gxaes_subBytes)
    hlp_add                                  0x08010235   Thumb Code   140  helpers.o(.text.hlp_add)
    hlp_getDataTypeSize                      0x080102c1   Thumb Code    26  helpers.o(.text.hlp_getDataTypeSize)
    hlp_getObjectCount2                      0x080102dd   Thumb Code   128  helpers.o(.text.hlp_getObjectCount2)
    hlp_getObjectCountSizeInBytes            0x0801035d   Thumb Code    32  helpers.o(.text.hlp_getObjectCountSizeInBytes)
    hlp_rand                                 0x0801037d   Thumb Code    54  helpers.o(.text.hlp_rand)
    hlp_setObjectCount                       0x080103b5   Thumb Code   100  helpers.o(.text.hlp_setObjectCount)
    hlp_swapBits                             0x08010419   Thumb Code    56  helpers.o(.text.hlp_swapBits)
    invoke_AssociationLogicalName            0x08010451   Thumb Code   742  gxinvoke.o(.text.invoke_AssociationLogicalName)
    invoke_Clock                             0x08010739   Thumb Code   218  gxinvoke.o(.text.invoke_Clock)
    invoke_FunctionControl                   0x08010815   Thumb Code  1306  gxinvoke.o(.text.invoke_FunctionControl)
    invoke_NtpSetup                          0x08010d35   Thumb Code   228  gxinvoke.o(.text.invoke_NtpSetup)
    invoke_SapAssigment                      0x08010e19   Thumb Code   276  gxinvoke.o(.text.invoke_SapAssigment)
    invoke_ScriptTable                       0x08010f2d   Thumb Code   348  gxinvoke.o(.text.invoke_ScriptTable)
    invoke_SecuritySetup                     0x08011091   Thumb Code   366  gxinvoke.o(.text.invoke_SecuritySetup)
    isCiphered                               0x08011205   Thumb Code    10  dlmssettings.o(.text.isCiphered)
    main                                     0x08011211   Thumb Code   746  main.o(.text.main)
    oa_attach                                0x080114fd   Thumb Code    12  objectarray.o(.text.oa_attach)
    oa_empty                                 0x08011509   Thumb Code     6  objectarray.o(.text.oa_empty)
    oa_findByLN                              0x08011511   Thumb Code   130  objectarray.o(.text.oa_findByLN)
    oa_getByIndex                            0x08011595   Thumb Code    24  objectarray.o(.text.oa_getByIndex)
    oa_init                                  0x080115ad   Thumb Code     8  objectarray.o(.text.oa_init)
    obj_attributeCount                       0x080115b5   Thumb Code   582  gxobjects.o(.text.obj_attributeCount)
    obj_clearActivationStatus                0x080117fd   Thumb Code    10  gxobjects.o(.text.obj_clearActivationStatus)
    obj_clearByteBufferList                  0x08011809   Thumb Code    10  gxobjects.o(.text.obj_clearByteBufferList)
    obj_clearCertificateInfo                 0x08011815   Thumb Code    10  gxobjects.o(.text.obj_clearCertificateInfo)
    obj_clearFunctionList                    0x08011821   Thumb Code    10  gxobjects.o(.text.obj_clearFunctionList)
    obj_clearProfileGenericCaptureObjects    0x0801182d   Thumb Code    10  gxobjects.o(.text.obj_clearProfileGenericCaptureObjects)
    obj_clearPushObjectList                  0x08011839   Thumb Code    10  gxobjects.o(.text.obj_clearPushObjectList)
    obj_clearSapList                         0x08011845   Thumb Code    10  gxobjects.o(.text.obj_clearSapList)
    obj_clearScriptTable                     0x08011851   Thumb Code    10  gxobjects.o(.text.obj_clearScriptTable)
    obj_getLogicalName                       0x0801185d   Thumb Code    18  gxobjects.o(.text.obj_getLogicalName)
    obj_methodCount                          0x08011871   Thumb Code   360  gxobjects.o(.text.obj_methodCount)
    params_initLN                            0x080119d9   Thumb Code    66  parameters.o(.text.params_initLN)
    reply_clear2                             0x08011a1d   Thumb Code    60  replydata.o(.text.reply_clear2)
    reply_init                               0x08011a59   Thumb Code    56  replydata.o(.text.reply_init)
    resetBlockIndex                          0x08011a91   Thumb Code     8  dlmssettings.o(.text.resetBlockIndex)
    resetFrameSequence                       0x08011a99   Thumb Code    32  dlmssettings.o(.text.resetFrameSequence)
    setCaptureObjects                        0x08011ab9   Thumb Code   204  gxsetignoremalloc.o(.text.setCaptureObjects)
    svr_HandleAarqRequest                    0x08011b8d   Thumb Code   922  server.o(.text.svr_HandleAarqRequest)
    svr_connected                            0x08011f29   Thumb Code     4  main.o(.text.svr_connected)
    svr_disconnected                         0x08011f2d   Thumb Code     4  main.o(.text.svr_disconnected)
    svr_findObject                           0x08011f31   Thumb Code    20  main.o(.text.svr_findObject)
    svr_generateDisconnectRequest            0x08011f45   Thumb Code   168  server.o(.text.svr_generateDisconnectRequest)
    svr_generateExceptionResponse            0x08011fed   Thumb Code   130  server.o(.text.svr_generateExceptionResponse)
    svr_getAttributeAccess                   0x08012071   Thumb Code    36  main.o(.text.svr_getAttributeAccess)
    svr_getMethodAccess                      0x08012095   Thumb Code    32  main.o(.text.svr_getMethodAccess)
    svr_getRequestNextDataBlock              0x080120b5   Thumb Code   330  server.o(.text.svr_getRequestNextDataBlock)
    svr_getRequestNormal                     0x08012205   Thumb Code   650  server.o(.text.svr_getRequestNormal)
    svr_getRequestWithList                   0x08012495   Thumb Code   698  server.o(.text.svr_getRequestWithList)
    svr_getTarget                            0x08012755   Thumb Code   238  server.o(.text.svr_getTarget)
    svr_handleCommand                        0x08012849   Thumb Code   952  server.o(.text.svr_handleCommand)
    svr_handleGetRequest                     0x08012c01   Thumb Code   226  server.o(.text.svr_handleGetRequest)
    svr_handleMethodRequest                  0x08012ce5   Thumb Code   896  server.o(.text.svr_handleMethodRequest)
    svr_handleReleaseRequest                 0x0801306d   Thumb Code   402  server.o(.text.svr_handleReleaseRequest)
    svr_handleRequest                        0x08013201   Thumb Code    48  server.o(.text.svr_handleRequest)
    svr_handleRequest4                       0x08013231   Thumb Code  1478  server.o(.text.svr_handleRequest4)
    svr_handleSetRequest                     0x080137f9   Thumb Code   206  server.o(.text.svr_handleSetRequest)
    svr_handleSetRequest2                    0x080138c9   Thumb Code   460  server.o(.text.svr_handleSetRequest2)
    svr_handleSetRequestWithList             0x08013a9d   Thumb Code   462  server.o(.text.svr_handleSetRequestWithList)
    svr_handleSnrmRequest                    0x08013c71   Thumb Code   316  server.o(.text.svr_handleSnrmRequest)
    svr_init                                 0x08013dad   Thumb Code   164  dlmssettings.o(.text.svr_init)
    svr_initialize                           0x08013e59   Thumb Code   168  server.o(.text.svr_initialize)
    svr_invalidConnection                    0x08013f09   Thumb Code     4  main.o(.text.svr_invalidConnection)
    svr_isTarget                             0x08013f0d   Thumb Code    76  main.o(.text.svr_isTarget)
    svr_postAction                           0x08013f59   Thumb Code    40  main.o(.text.svr_postAction)
    svr_postGet                              0x08013f81   Thumb Code     2  main.o(.text.svr_postGet)
    svr_postRead                             0x08013f85   Thumb Code     2  main.o(.text.svr_postRead)
    svr_postWrite                            0x08013f89   Thumb Code     2  main.o(.text.svr_postWrite)
    svr_preAction                            0x08013f8d   Thumb Code    40  main.o(.text.svr_preAction)
    svr_preGet                               0x08013fb5   Thumb Code    40  main.o(.text.svr_preGet)
    svr_preRead                              0x08013fdd   Thumb Code   146  main.o(.text.svr_preRead)
    svr_preWrite                             0x08014071   Thumb Code     2  main.o(.text.svr_preWrite)
    svr_reportError                          0x08014075   Thumb Code   216  server.o(.text.svr_reportError)
    svr_validateAuthentication               0x0801414d   Thumb Code     4  main.o(.text.svr_validateAuthentication)
    time_addHours                            0x08014151   Thumb Code    14  date.o(.text.time_addHours)
    time_addMinutes                          0x08014161   Thumb Code    14  date.o(.text.time_addMinutes)
    time_addSeconds                          0x08014171   Thumb Code     8  date.o(.text.time_addSeconds)
    time_addTime                             0x08014179   Thumb Code    28  date.o(.text.time_addTime)
    time_clear                               0x08014195   Thumb Code     8  date.o(.text.time_clear)
    time_clearDate                           0x0801419d   Thumb Code    44  date.o(.text.time_clearDate)
    time_clearTime                           0x080141c9   Thumb Code    82  date.o(.text.time_clearTime)
    time_compare                             0x0801421d   Thumb Code    26  date.o(.text.time_compare)
    time_compareWithDiff                     0x08014239   Thumb Code   796  date.o(.text.time_compareWithDiff)
    time_elapsed                             0x0801455d   Thumb Code     4  main.o(.text.time_elapsed)
    time_fromUnixTime2                       0x08014561   Thumb Code   466  date.o(.text.time_fromUnixTime2)
    time_getHours                            0x08014735   Thumb Code    42  date.o(.text.time_getHours)
    time_getMinutes                          0x08014761   Thumb Code    42  date.o(.text.time_getMinutes)
    time_getSeconds                          0x0801478d   Thumb Code    28  date.o(.text.time_getSeconds)
    time_init                                0x080147a9   Thumb Code   384  date.o(.text.time_init)
    time_initUnix                            0x08014929   Thumb Code    10  date.o(.text.time_initUnix)
    time_toUTC                               0x08014935   Thumb Code    46  date.o(.text.time_toUTC)
    time_toUnixTime2                         0x08014965   Thumb Code   352  date.o(.text.time_toUnixTime2)
    trans_clear                              0x08014ac5   Thumb Code    10  dlmssettings.o(.text.trans_clear)
    updateInvokeId                           0x08014ad1   Thumb Code    24  dlmssettings.o(.text.updateInvokeId)
    va_getByIndex                            0x08014ae9   Thumb Code    28  variant.o(.text.va_getByIndex)
    va_getCapacity                           0x08014b05   Thumb Code     8  variant.o(.text.va_getCapacity)
    var_clear                                0x08014b0d   Thumb Code    26  variant.o(.text.var_clear)
    var_copy                                 0x08014b29   Thumb Code   340  variant.o(.text.var_copy)
    var_getBytes2                            0x08014c7d   Thumb Code    26  variant.o(.text.var_getBytes2)
    var_getBytes4                            0x08014c99   Thumb Code  1030  variant.o(.text.var_getBytes4)
    var_getDate                              0x080150a1   Thumb Code   210  variant.o(.text.var_getDate)
    var_getDateTime2                         0x08015175   Thumb Code   354  variant.o(.text.var_getDateTime2)
    var_getTime                              0x080152d9   Thumb Code   144  variant.o(.text.var_getTime)
    var_init                                 0x08015369   Thumb Code    12  variant.o(.text.var_init)
    var_setUInt16                            0x08015375   Thumb Code    30  variant.o(.text.var_setUInt16)
    var_toInteger                            0x08015395   Thumb Code   178  variant.o(.text.var_toInteger)
    ve_clear                                 0x08015449   Thumb Code    46  gxvalueeventargs.o(.text.ve_clear)
    ve_init                                  0x08015479   Thumb Code    48  gxvalueeventargs.o(.text.ve_init)
    vec_attach                               0x080154a9   Thumb Code    16  gxvalueeventargs.o(.text.vec_attach)
    vec_clear                                0x080154b9   Thumb Code     8  gxvalueeventargs.o(.text.vec_clear)
    vec_empty                                0x080154c1   Thumb Code     8  gxvalueeventargs.o(.text.vec_empty)
    vec_getByIndex                           0x080154c9   Thumb Code    26  gxvalueeventargs.o(.text.vec_getByIndex)
    vec_init                                 0x080154e5   Thumb Code    10  gxvalueeventargs.o(.text.vec_init)
    _is_digit                                0x080154ef   Thumb Code    14  __printf_wp.o(i._is_digit)
    __aeabi_dadd                             0x080154fd   Thumb Code     0  daddsub_clz.o(x$fpl$dadd)
    _dadd                                    0x080154fd   Thumb Code   332  daddsub_clz.o(x$fpl$dadd)
    __aeabi_d2iz                             0x0801564d   Thumb Code     0  dfix.o(x$fpl$dfix)
    _dfix                                    0x0801564d   Thumb Code    94  dfix.o(x$fpl$dfix)
    __aeabi_i2d                              0x080156ab   Thumb Code     0  dflt_clz.o(x$fpl$dflt)
    _dflt                                    0x080156ab   Thumb Code    46  dflt_clz.o(x$fpl$dflt)
    __aeabi_ui2d                             0x080156d9   Thumb Code     0  dflt_clz.o(x$fpl$dfltu)
    _dfltu                                   0x080156d9   Thumb Code    38  dflt_clz.o(x$fpl$dfltu)
    __aeabi_dmul                             0x08015701   Thumb Code     0  dmul.o(x$fpl$dmul)
    _dmul                                    0x08015701   Thumb Code   332  dmul.o(x$fpl$dmul)
    __fpl_dnaninf                            0x08015855   Thumb Code   156  dnaninf.o(x$fpl$dnaninf)
    __fpl_dretinf                            0x080158f1   Thumb Code    12  dretinf.o(x$fpl$dretinf)
    __aeabi_dsub                             0x080158fd   Thumb Code     0  daddsub_clz.o(x$fpl$dsub)
    _dsub                                    0x080158fd   Thumb Code   472  daddsub_clz.o(x$fpl$dsub)
    _fp_init                                 0x08015ad9   Thumb Code    26  fpinit.o(x$fpl$fpinit)
    __fplib_config_fpu_vfp                   0x08015af1   Thumb Code     0  fpinit.o(x$fpl$fpinit)
    __fplib_config_pureend_doubles           0x08015af1   Thumb Code     0  fpinit.o(x$fpl$fpinit)
    __I$use$fp                               0x08015af2   Number         0  usenofp.o(x$fpl$usenofp)
    AHBPrescTable                            0x08015bec   Data          16  system_stm32l4xx.o(.rodata.AHBPrescTable)
    APBPrescTable                            0x08015bfc   Data           8  system_stm32l4xx.o(.rodata.APBPrescTable)
    MSIRangeTable                            0x08015e48   Data          48  system_stm32l4xx.o(.rodata.MSIRangeTable)
    Region$$Table$$Base                      0x080160cc   Number         0  anon$$obj.o(Region$$Table)
    Region$$Table$$Limit                     0x080160ec   Number         0  anon$$obj.o(Region$$Table)
    SERIAL_NUMBER                            0x20000000   Data           4  main.o(.data..L_MergedGlobals)
    uwTickFreq                               0x20000018   Data           1  stm32l4xx_hal.o(.data..L_MergedGlobals)
    uwTickPrio                               0x2000001c   Data           4  stm32l4xx_hal.o(.data..L_MergedGlobals)
    SystemCoreClock                          0x20000020   Data           4  system_stm32l4xx.o(.data.SystemCoreClock)
    __libspace_start                         0x20000028   Data          96  libspace.o(.bss)
    __temporary_stack_top$libspace           0x20000088   Data           0  libspace.o(.bss)
    association                              0x20000230   Data         128  main.o(.bss.association)
    bit                                      0x200002b0   Data           4  helpers.o(.bss.bit)
    huart1                                   0x200009f4   Data         184  main.o(.bss.huart1)
    huart2                                   0x20000aac   Data         184  main.o(.bss.huart2)
    pduAttributes                            0x20000b64   Data          70  dlms.o(.bss.pduAttributes)
    settings                                 0x20000fc0   Data         480  main.o(.bss.settings)
    uwTick                                   0x200011ac   Data           4  stm32l4xx_hal.o(.bss.uwTick)



==============================================================================

Memory Map of the image

  Image Entry point : 0x0800018d

  Load Region LR_IROM1 (Base: 0x08000000, Size: 0x00016118, Max: 0x00040000, ABSOLUTE)

    Execution Region ER_IROM1 (Exec base: 0x08000000, Load base: 0x08000000, Size: 0x000160ec, Max: 0x00040000, ABSOLUTE)

    Exec Addr    Load Addr    Size         Type   Attr      Idx    E Section Name        Object

    0x08000000   0x08000000   0x0000018c   Data   RO            3    RESET               startup_stm32l433xx.o
    0x0800018c   0x0800018c   0x00000008   Code   RO         2684  * !!!main             c_w.l(__main.o)
    0x08000194   0x08000194   0x00000034   Code   RO         3094    !!!scatter          c_w.l(__scatter.o)
    0x080001c8   0x080001c8   0x0000001a   Code   RO         3096    !!handler_copy      c_w.l(__scatter_copy.o)
    0x080001e2   0x080001e2   0x00000002   PAD
    0x080001e4   0x080001e4   0x0000001c   Code   RO         3098    !!handler_zi        c_w.l(__scatter_zi.o)
    0x08000200   0x08000200   0x00000000   Code   RO         2665    .ARM.Collect$$_printf_percent$$00000000  c_w.l(_printf_percent.o)
    0x08000200   0x08000200   0x00000006   Code   RO         2661    .ARM.Collect$$_printf_percent$$00000001  c_w.l(_printf_n.o)
    0x08000206   0x08000206   0x00000006   Code   RO         2662    .ARM.Collect$$_printf_percent$$00000002  c_w.l(_printf_p.o)
    0x0800020c   0x0800020c   0x00000006   Code   RO         2663    .ARM.Collect$$_printf_percent$$00000009  c_w.l(_printf_d.o)
    0x08000212   0x08000212   0x00000006   Code   RO         2664    .ARM.Collect$$_printf_percent$$0000000A  c_w.l(_printf_u.o)
    0x08000218   0x08000218   0x00000006   Code   RO         2660    .ARM.Collect$$_printf_percent$$00000014  c_w.l(_printf_s.o)
    0x0800021e   0x0800021e   0x00000004   Code   RO         2731    .ARM.Collect$$_printf_percent$$00000017  c_w.l(_printf_percent_end.o)
    0x08000222   0x08000222   0x00000002   Code   RO         2879    .ARM.Collect$$libinit$$00000000  c_w.l(libinit.o)
    0x08000224   0x08000224   0x00000004   Code   RO         2880    .ARM.Collect$$libinit$$00000001  c_w.l(libinit2.o)
    0x08000228   0x08000228   0x00000000   Code   RO         2883    .ARM.Collect$$libinit$$00000004  c_w.l(libinit2.o)
    0x08000228   0x08000228   0x00000000   Code   RO         2886    .ARM.Collect$$libinit$$0000000A  c_w.l(libinit2.o)
    0x08000228   0x08000228   0x00000000   Code   RO         2888    .ARM.Collect$$libinit$$0000000C  c_w.l(libinit2.o)
    0x08000228   0x08000228   0x00000000   Code   RO         2890    .ARM.Collect$$libinit$$0000000E  c_w.l(libinit2.o)
    0x08000228   0x08000228   0x00000000   Code   RO         2893    .ARM.Collect$$libinit$$00000011  c_w.l(libinit2.o)
    0x08000228   0x08000228   0x00000000   Code   RO         2895    .ARM.Collect$$libinit$$00000013  c_w.l(libinit2.o)
    0x08000228   0x08000228   0x00000000   Code   RO         2897    .ARM.Collect$$libinit$$00000015  c_w.l(libinit2.o)
    0x08000228   0x08000228   0x00000000   Code   RO         2899    .ARM.Collect$$libinit$$00000017  c_w.l(libinit2.o)
    0x08000228   0x08000228   0x00000000   Code   RO         2901    .ARM.Collect$$libinit$$00000019  c_w.l(libinit2.o)
    0x08000228   0x08000228   0x00000000   Code   RO         2903    .ARM.Collect$$libinit$$0000001B  c_w.l(libinit2.o)
    0x08000228   0x08000228   0x00000000   Code   RO         2905    .ARM.Collect$$libinit$$0000001D  c_w.l(libinit2.o)
    0x08000228   0x08000228   0x00000000   Code   RO         2907    .ARM.Collect$$libinit$$0000001F  c_w.l(libinit2.o)
    0x08000228   0x08000228   0x00000000   Code   RO         2909    .ARM.Collect$$libinit$$00000021  c_w.l(libinit2.o)
    0x08000228   0x08000228   0x00000000   Code   RO         2911    .ARM.Collect$$libinit$$00000023  c_w.l(libinit2.o)
    0x08000228   0x08000228   0x00000000   Code   RO         2913    .ARM.Collect$$libinit$$00000025  c_w.l(libinit2.o)
    0x08000228   0x08000228   0x00000000   Code   RO         2917    .ARM.Collect$$libinit$$0000002C  c_w.l(libinit2.o)
    0x08000228   0x08000228   0x00000000   Code   RO         2919    .ARM.Collect$$libinit$$0000002E  c_w.l(libinit2.o)
    0x08000228   0x08000228   0x00000000   Code   RO         2921    .ARM.Collect$$libinit$$00000030  c_w.l(libinit2.o)
    0x08000228   0x08000228   0x00000000   Code   RO         2923    .ARM.Collect$$libinit$$00000032  c_w.l(libinit2.o)
    0x08000228   0x08000228   0x00000002   Code   RO         2924    .ARM.Collect$$libinit$$00000033  c_w.l(libinit2.o)
    0x0800022a   0x0800022a   0x00000002   Code   RO         3075    .ARM.Collect$$libshutdown$$00000000  c_w.l(libshutdown.o)
    0x0800022c   0x0800022c   0x00000000   Code   RO         2926    .ARM.Collect$$libshutdown$$00000002  c_w.l(libshutdown2.o)
    0x0800022c   0x0800022c   0x00000000   Code   RO         2928    .ARM.Collect$$libshutdown$$00000004  c_w.l(libshutdown2.o)
    0x0800022c   0x0800022c   0x00000000   Code   RO         2931    .ARM.Collect$$libshutdown$$00000007  c_w.l(libshutdown2.o)
    0x0800022c   0x0800022c   0x00000000   Code   RO         2934    .ARM.Collect$$libshutdown$$0000000A  c_w.l(libshutdown2.o)
    0x0800022c   0x0800022c   0x00000000   Code   RO         2936    .ARM.Collect$$libshutdown$$0000000C  c_w.l(libshutdown2.o)
    0x0800022c   0x0800022c   0x00000000   Code   RO         2939    .ARM.Collect$$libshutdown$$0000000F  c_w.l(libshutdown2.o)
    0x0800022c   0x0800022c   0x00000002   Code   RO         2940    .ARM.Collect$$libshutdown$$00000010  c_w.l(libshutdown2.o)
    0x0800022e   0x0800022e   0x00000000   Code   RO         2716    .ARM.Collect$$rtentry$$00000000  c_w.l(__rtentry.o)
    0x0800022e   0x0800022e   0x00000000   Code   RO         2754    .ARM.Collect$$rtentry$$00000002  c_w.l(__rtentry2.o)
    0x0800022e   0x0800022e   0x00000006   Code   RO         2766    .ARM.Collect$$rtentry$$00000004  c_w.l(__rtentry4.o)
    0x08000234   0x08000234   0x00000000   Code   RO         2756    .ARM.Collect$$rtentry$$00000009  c_w.l(__rtentry2.o)
    0x08000234   0x08000234   0x00000004   Code   RO         2757    .ARM.Collect$$rtentry$$0000000A  c_w.l(__rtentry2.o)
    0x08000238   0x08000238   0x00000000   Code   RO         2759    .ARM.Collect$$rtentry$$0000000C  c_w.l(__rtentry2.o)
    0x08000238   0x08000238   0x00000008   Code   RO         2760    .ARM.Collect$$rtentry$$0000000D  c_w.l(__rtentry2.o)
    0x08000240   0x08000240   0x00000002   Code   RO         2950    .ARM.Collect$$rtexit$$00000000  c_w.l(rtexit.o)
    0x08000242   0x08000242   0x00000000   Code   RO         3009    .ARM.Collect$$rtexit$$00000002  c_w.l(rtexit2.o)
    0x08000242   0x08000242   0x00000004   Code   RO         3010    .ARM.Collect$$rtexit$$00000003  c_w.l(rtexit2.o)
    0x08000246   0x08000246   0x00000006   Code   RO         3011    .ARM.Collect$$rtexit$$00000004  c_w.l(rtexit2.o)
    0x0800024c   0x0800024c   0x00000040   Code   RO            4    .text               startup_stm32l433xx.o
    0x0800028c   0x0800028c   0x000000f0   Code   RO         2597    .text               c_w.l(lludivv7m.o)
    0x0800037c   0x0800037c   0x00000028   Code   RO         2607    .text               c_w.l(noretval__2sprintf.o)
    0x080003a4   0x080003a4   0x0000004e   Code   RO         2611    .text               c_w.l(_printf_pad.o)
    0x080003f2   0x080003f2   0x00000052   Code   RO         2613    .text               c_w.l(_printf_str.o)
    0x08000444   0x08000444   0x00000078   Code   RO         2615    .text               c_w.l(_printf_dec.o)
    0x080004bc   0x080004bc   0x00000028   Code   RO         2617    .text               c_w.l(_printf_charcount.o)
    0x080004e4   0x080004e4   0x00000054   Code   RO         2628    .text               c_w.l(_printf_hex_ptr.o)
    0x08000538   0x08000538   0x0000018e   Code   RO         2657    .text               c_w.l(__printf_flags_ss_wp.o)
    0x080006c6   0x080006c6   0x00000058   Code   RO         2666    .text               c_w.l(memcmp.o)
    0x0800071e   0x0800071e   0x0000003e   Code   RO         2668    .text               c_w.l(strlen.o)
    0x0800075c   0x0800075c   0x0000008a   Code   RO         2670    .text               c_w.l(rt_memcpy_v6.o)
    0x080007e6   0x080007e6   0x00000084   Code   RO         2672    .text               c_w.l(rt_memmove_v6.o)
    0x0800086a   0x0800086a   0x00000064   Code   RO         2674    .text               c_w.l(rt_memcpy_w.o)
    0x080008ce   0x080008ce   0x00000010   Code   RO         2676    .text               c_w.l(aeabi_memset4.o)
    0x080008de   0x080008de   0x00000044   Code   RO         2678    .text               c_w.l(rt_memclr.o)
    0x08000922   0x08000922   0x0000004e   Code   RO         2680    .text               c_w.l(rt_memclr_w.o)
    0x08000970   0x08000970   0x00000006   Code   RO         2682    .text               c_w.l(heapauxi.o)
    0x08000976   0x08000976   0x000000b2   Code   RO         2721    .text               c_w.l(_printf_intcommon.o)
    0x08000a28   0x08000a28   0x00000030   Code   RO         2723    .text               c_w.l(_printf_char_common.o)
    0x08000a58   0x08000a58   0x0000000a   Code   RO         2725    .text               c_w.l(_sputc.o)
    0x08000a62   0x08000a62   0x0000002c   Code   RO         2727    .text               c_w.l(_printf_char.o)
    0x08000a8e   0x08000a8e   0x0000007a   Code   RO         2738    .text               c_w.l(rt_memmove_w.o)
    0x08000b08   0x08000b08   0x0000004a   Code   RO         2793    .text               c_w.l(sys_stackheap_outer.o)
    0x08000b52   0x08000b52   0x00000012   Code   RO         2864    .text               c_w.l(exit.o)
    0x08000b64   0x08000b64   0x00000008   Code   RO         2947    .text               c_w.l(libspace.o)
    0x08000b6c   0x08000b6c   0x0000000c   Code   RO         3001    .text               c_w.l(sys_exit.o)
    0x08000b78   0x08000b78   0x00000002   Code   RO         3005    .text               c_w.l(use_no_semi.o)
    0x08000b7a   0x08000b7a   0x00000000   Code   RO         3007    .text               c_w.l(indicate_semi.o)
    0x08000b7a   0x08000b7a   0x00000002   PAD
    0x08000b7c   0x08000b7c   0x00000002   Code   RO          120    .text.BusFault_Handler  stm32l4xx_it.o
    0x08000b7e   0x08000b7e   0x00000002   PAD
    0x08000b80   0x08000b80   0x00000002   Code   RO          126    .text.DebugMon_Handler  stm32l4xx_it.o
    0x08000b82   0x08000b82   0x00000002   PAD
    0x08000b84   0x08000b84   0x0000000a   Code   RO           81    .text.Error_Handler  main.o
    0x08000b8e   0x08000b8e   0x00000002   PAD
    0x08000b90   0x08000b90   0x00000094   Code   RO           23    .text.GXTRACE       main.o
    0x08000c24   0x08000c24   0x00000054   Code   RO          608    .text.HAL_DMA_Abort  stm32l4xx_hal_dma.o
    0x08000c78   0x08000c78   0x0000005a   Code   RO          610    .text.HAL_DMA_Abort_IT  stm32l4xx_hal_dma.o
    0x08000cd2   0x08000cd2   0x00000002   PAD
    0x08000cd4   0x08000cd4   0x00000028   Code   RO          356    .text.HAL_Delay     stm32l4xx_hal.o
    0x08000cfc   0x08000cfc   0x000001e0   Code   RO          576    .text.HAL_GPIO_Init  stm32l4xx_hal_gpio.o
    0x08000edc   0x08000edc   0x0000000c   Code   RO          582    .text.HAL_GPIO_WritePin  stm32l4xx_hal_gpio.o
    0x08000ee8   0x08000ee8   0x0000000c   Code   RO          348    .text.HAL_GetTick   stm32l4xx_hal.o
    0x08000ef4   0x08000ef4   0x0000001a   Code   RO          346    .text.HAL_IncTick   stm32l4xx_hal.o
    0x08000f0e   0x08000f0e   0x00000002   PAD
    0x08000f10   0x08000f10   0x0000002e   Code   RO          336    .text.HAL_Init      stm32l4xx_hal.o
    0x08000f3e   0x08000f3e   0x00000002   PAD
    0x08000f40   0x08000f40   0x0000004e   Code   RO          338    .text.HAL_InitTick  stm32l4xx_hal.o
    0x08000f8e   0x08000f8e   0x00000002   PAD
    0x08000f90   0x08000f90   0x00000032   Code   RO          143    .text.HAL_MspInit   stm32l4xx_hal_msp.o
    0x08000fc2   0x08000fc2   0x00000002   PAD
    0x08000fc4   0x08000fc4   0x00000020   Code   RO          753    .text.HAL_NVIC_EnableIRQ  stm32l4xx_hal_cortex.o
    0x08000fe4   0x08000fe4   0x00000056   Code   RO          751    .text.HAL_NVIC_SetPriority  stm32l4xx_hal_cortex.o
    0x0800103a   0x0800103a   0x00000002   PAD
    0x0800103c   0x0800103c   0x00000020   Code   RO          749    .text.HAL_NVIC_SetPriorityGrouping  stm32l4xx_hal_cortex.o
    0x0800105c   0x0800105c   0x00000098   Code   RO          675    .text.HAL_PWREx_ControlVoltageScaling  stm32l4xx_hal_pwr_ex.o
    0x080010f4   0x080010f4   0x00000010   Code   RO          673    .text.HAL_PWREx_GetVoltageRange  stm32l4xx_hal_pwr_ex.o
    0x08001104   0x08001104   0x000002ec   Code   RO          452    .text.HAL_RCCEx_PeriphCLKConfig  stm32l4xx_hal_rcc_ex.o
    0x080013f0   0x080013f0   0x0000027a   Code   RO          422    .text.HAL_RCC_ClockConfig  stm32l4xx_hal_rcc.o
    0x0800166a   0x0800166a   0x00000002   PAD
    0x0800166c   0x0800166c   0x0000002a   Code   RO          428    .text.HAL_RCC_GetPCLK1Freq  stm32l4xx_hal_rcc.o
    0x08001696   0x08001696   0x00000002   PAD
    0x08001698   0x08001698   0x0000002a   Code   RO          430    .text.HAL_RCC_GetPCLK2Freq  stm32l4xx_hal_rcc.o
    0x080016c2   0x080016c2   0x00000002   PAD
    0x080016c4   0x080016c4   0x000000c2   Code   RO          420    .text.HAL_RCC_GetSysClockFreq  stm32l4xx_hal_rcc.o
    0x08001786   0x08001786   0x00000002   PAD
    0x08001788   0x08001788   0x000007d0   Code   RO          418    .text.HAL_RCC_OscConfig  stm32l4xx_hal_rcc.o
    0x08001f58   0x08001f58   0x0000002c   Code   RO          761    .text.HAL_SYSTICK_Config  stm32l4xx_hal_cortex.o
    0x08001f84   0x08001f84   0x00000002   Code   RO          237    .text.HAL_UARTEx_RxEventCallback  stm32l4xx_hal_uart.o
    0x08001f86   0x08001f86   0x00000002   PAD
    0x08001f88   0x08001f88   0x00000002   Code   RO          159    .text.HAL_UARTEx_WakeupCallback  stm32l4xx_hal_uart_ex.o
    0x08001f8a   0x08001f8a   0x00000002   PAD
    0x08001f8c   0x08001f8c   0x00000002   Code   RO          227    .text.HAL_UART_AbortCpltCallback  stm32l4xx_hal_uart.o
    0x08001f8e   0x08001f8e   0x00000002   PAD
    0x08001f90   0x08001f90   0x00000002   Code   RO          231    .text.HAL_UART_AbortReceiveCpltCallback  stm32l4xx_hal_uart.o
    0x08001f92   0x08001f92   0x00000002   PAD
    0x08001f94   0x08001f94   0x00000002   Code   RO          229    .text.HAL_UART_AbortTransmitCpltCallback  stm32l4xx_hal_uart.o
    0x08001f96   0x08001f96   0x00000002   PAD
    0x08001f98   0x08001f98   0x00000002   Code   RO          225    .text.HAL_UART_ErrorCallback  stm32l4xx_hal_uart.o
    0x08001f9a   0x08001f9a   0x00000002   PAD
    0x08001f9c   0x08001f9c   0x00000610   Code   RO          293    .text.HAL_UART_IRQHandler  stm32l4xx_hal_uart.o
    0x080025ac   0x080025ac   0x000000e8   Code   RO          191    .text.HAL_UART_Init  stm32l4xx_hal_uart.o
    0x08002694   0x08002694   0x000000f4   Code   RO          145    .text.HAL_UART_MspInit  stm32l4xx_hal_msp.o
    0x08002788   0x08002788   0x000000ae   Code   RO          251    .text.HAL_UART_Receive_IT  stm32l4xx_hal_uart.o
    0x08002836   0x08002836   0x00000002   PAD
    0x08002838   0x08002838   0x00000094   Code   RO          213    .text.HAL_UART_RegisterCallback  stm32l4xx_hal_uart.o
    0x080028cc   0x080028cc   0x00000002   Code   RO          223    .text.HAL_UART_RxCpltCallback  stm32l4xx_hal_uart.o
    0x080028ce   0x080028ce   0x00000002   PAD
    0x080028d0   0x080028d0   0x00000002   Code   RO          221    .text.HAL_UART_RxHalfCpltCallback  stm32l4xx_hal_uart.o
    0x080028d2   0x080028d2   0x00000002   PAD
    0x080028d4   0x080028d4   0x000001ba   Code   RO          239    .text.HAL_UART_Transmit  stm32l4xx_hal_uart.o
    0x08002a8e   0x08002a8e   0x00000002   PAD
    0x08002a90   0x08002a90   0x00000002   Code   RO          219    .text.HAL_UART_TxCpltCallback  stm32l4xx_hal_uart.o
    0x08002a92   0x08002a92   0x00000002   PAD
    0x08002a94   0x08002a94   0x00000002   Code   RO          217    .text.HAL_UART_TxHalfCpltCallback  stm32l4xx_hal_uart.o
    0x08002a96   0x08002a96   0x00000002   PAD
    0x08002a98   0x08002a98   0x00000002   Code   RO          116    .text.HardFault_Handler  stm32l4xx_it.o
    0x08002a9a   0x08002a9a   0x00000002   PAD
    0x08002a9c   0x08002a9c   0x00000002   Code   RO          118    .text.MemManage_Handler  stm32l4xx_it.o
    0x08002a9e   0x08002a9e   0x00000002   PAD
    0x08002aa0   0x08002aa0   0x00000002   Code   RO          114    .text.NMI_Handler   stm32l4xx_it.o
    0x08002aa2   0x08002aa2   0x00000002   PAD
    0x08002aa4   0x08002aa4   0x00000002   Code   RO          128    .text.PendSV_Handler  stm32l4xx_it.o
    0x08002aa6   0x08002aa6   0x00000002   PAD
    0x08002aa8   0x08002aa8   0x00000166   Code   RO          454    .text.RCCEx_PLLSAI1_Config  stm32l4xx_hal_rcc_ex.o
    0x08002c0e   0x08002c0e   0x00000002   PAD
    0x08002c10   0x08002c10   0x0000003a   Code   RO           75    .text.Receive       main.o
    0x08002c4a   0x08002c4a   0x00000002   PAD
    0x08002c4c   0x08002c4c   0x00000002   Code   RO          124    .text.SVC_Handler   stm32l4xx_it.o
    0x08002c4e   0x08002c4e   0x00000002   PAD
    0x08002c50   0x08002c50   0x00000004   Code   RO          130    .text.SysTick_Handler  stm32l4xx_it.o
    0x08002c54   0x08002c54   0x00000012   Code   RO          825    .text.SystemInit    system_stm32l4xx.o
    0x08002c66   0x08002c66   0x00000002   PAD
    0x08002c68   0x08002c68   0x000000e8   Code   RO          197    .text.UART_AdvFeatureConfig  stm32l4xx_hal_uart.o
    0x08002d50   0x08002d50   0x00000168   Code   RO          201    .text.UART_CheckIdleState  stm32l4xx_hal_uart.o
    0x08002eb8   0x08002eb8   0x00000008   Code   RO          295    .text.UART_DMAAbortOnError  stm32l4xx_hal_uart.o
    0x08002ec0   0x08002ec0   0x000001ba   Code   RO          319    .text.UART_RxISR_16BIT  stm32l4xx_hal_uart.o
    0x0800307a   0x0800307a   0x00000002   PAD
    0x0800307c   0x0800307c   0x000001ba   Code   RO          321    .text.UART_RxISR_8BIT  stm32l4xx_hal_uart.o
    0x08003236   0x08003236   0x00000002   PAD
    0x08003238   0x08003238   0x0000023c   Code   RO          199    .text.UART_SetConfig  stm32l4xx_hal_uart.o
    0x08003474   0x08003474   0x0000016a   Code   RO          253    .text.UART_Start_Receive_IT  stm32l4xx_hal_uart.o
    0x080035de   0x080035de   0x00000002   PAD
    0x080035e0   0x080035e0   0x0000033c   Code   RO          241    .text.UART_WaitOnFlagUntilTimeout  stm32l4xx_hal_uart.o
    0x0800391c   0x0800391c   0x0000000c   Code   RO          132    .text.USART1_IRQHandler  stm32l4xx_it.o
    0x08003928   0x08003928   0x0000000c   Code   RO          134    .text.USART2_IRQHandler  stm32l4xx_it.o
    0x08003934   0x08003934   0x00000002   Code   RO          122    .text.UsageFault_Handler  stm32l4xx_it.o
    0x08003936   0x08003936   0x00000002   PAD
    0x08003938   0x08003938   0x00000380   Code   RO          867    .text.apdu_generateAARE  apdu.o
    0x08003cb8   0x08003cb8   0x000001b4   Code   RO          841    .text.apdu_generateApplicationContextName  apdu.o
    0x08003e6c   0x08003e6c   0x0000012e   Code   RO          859    .text.apdu_getUserInformation  apdu.o
    0x08003f9a   0x08003f9a   0x00000002   PAD
    0x08003f9c   0x08003f9c   0x00000148   Code   RO          851    .text.apdu_parseApplicationContextName  apdu.o
    0x080040e4   0x080040e4   0x00000812   Code   RO          865    .text.apdu_parsePDU  apdu.o
    0x080048f6   0x080048f6   0x00000002   PAD
    0x080048f8   0x080048f8   0x0000039e   Code   RO          847    .text.apdu_parseUserInformation  apdu.o
    0x08004c96   0x08004c96   0x00000002   PAD
    0x08004c98   0x08004c98   0x000000d4   Code   RO          857    .text.apdu_updateAuthentication  apdu.o
    0x08004d6c   0x08004d6c   0x0000008a   Code   RO          855    .text.apdu_updatePassword  apdu.o
    0x08004df6   0x08004df6   0x00000002   PAD
    0x08004df8   0x08004df8   0x000002a4   Code   RO          849    .text.apdu_verifyUserInformation  apdu.o
    0x0800509c   0x0800509c   0x00000006   Code   RO         1627    .text.arr_clear     gxarray.o
    0x080050a2   0x080050a2   0x00000002   PAD
    0x080050a4   0x080050a4   0x00000006   Code   RO         1643    .text.arr_clearKeyValuePair  gxarray.o
    0x080050aa   0x080050aa   0x00000002   PAD
    0x080050ac   0x080050ac   0x0000002c   Code   RO         1631    .text.arr_getByIndex  gxarray.o
    0x080050d8   0x080050d8   0x0000002c   Code   RO         1635    .text.arr_getByIndex2  gxarray.o
    0x08005104   0x08005104   0x00000008   Code   RO         1621    .text.arr_getCapacity  gxarray.o
    0x0800510c   0x0800510c   0x000000f6   Code   RO         1647    .text.arr_removeByIndex  gxarray.o
    0x08005202   0x08005202   0x00000002   PAD
    0x08005204   0x08005204   0x0000000c   Code   RO          891    .text.ba_attach     bitarray.o
    0x08005210   0x08005210   0x00000012   Code   RO          893    .text.ba_capacity   bitarray.o
    0x08005222   0x08005222   0x00000002   PAD
    0x08005224   0x08005224   0x00000006   Code   RO          901    .text.ba_clear      bitarray.o
    0x0800522a   0x0800522a   0x00000006   PAD
    0x08005230   0x08005230   0x00000058   Code   RO          879    .text.ba_getByteCount  bitarray.o
    0x08005288   0x08005288   0x00000008   Code   RO          887    .text.ba_getCapacity  bitarray.o
    0x08005290   0x08005290   0x00000146   Code   RO          897    .text.ba_setByIndex  bitarray.o
    0x080053d6   0x080053d6   0x00000002   PAD
    0x080053d8   0x080053d8   0x0000008e   Code   RO          905    .text.ba_toInteger  bitarray.o
    0x08005466   0x08005466   0x00000002   PAD
    0x08005468   0x08005468   0x00000060   Code   RO          967    .text.bb_addString  bytebuffer.o
    0x080054c8   0x080054c8   0x00000030   Code   RO          969    .text.bb_attach     bytebuffer.o
    0x080054f8   0x080054f8   0x00000010   Code   RO          919    .text.bb_available  bytebuffer.o
    0x08005508   0x08005508   0x00000012   Code   RO          927    .text.bb_capacity   bytebuffer.o
    0x0800551a   0x0800551a   0x00000002   PAD
    0x0800551c   0x0800551c   0x0000000c   Code   RO          973    .text.bb_clear      bytebuffer.o
    0x08005528   0x08005528   0x0000003c   Code   RO         1027    .text.bb_compare    bytebuffer.o
    0x08005564   0x08005564   0x0000003e   Code   RO         1029    .text.bb_get        bytebuffer.o
    0x080055a2   0x080055a2   0x00000002   PAD
    0x080055a4   0x080055a4   0x00000008   Code   RO          921    .text.bb_getCapacity  bytebuffer.o
    0x080055ac   0x080055ac   0x00000030   Code   RO         1007    .text.bb_getDouble  bytebuffer.o
    0x080055dc   0x080055dc   0x00000022   Code   RO         1005    .text.bb_getFloat   bytebuffer.o
    0x080055fe   0x080055fe   0x00000002   PAD
    0x08005600   0x08005600   0x0000002a   Code   RO          987    .text.bb_getInt16   bytebuffer.o
    0x0800562a   0x0800562a   0x00000002   PAD
    0x0800562c   0x0800562c   0x00000028   Code   RO          993    .text.bb_getInt32   bytebuffer.o
    0x08005654   0x08005654   0x00000036   Code   RO          997    .text.bb_getInt64   bytebuffer.o
    0x0800568a   0x0800568a   0x00000002   PAD
    0x0800568c   0x0800568c   0x0000001e   Code   RO          979    .text.bb_getInt8    bytebuffer.o
    0x080056aa   0x080056aa   0x00000002   PAD
    0x080056ac   0x080056ac   0x0000002a   Code   RO          983    .text.bb_getUInt16  bytebuffer.o
    0x080056d6   0x080056d6   0x00000002   PAD
    0x080056d8   0x080056d8   0x0000001e   Code   RO         1009    .text.bb_getUInt16ByIndex  bytebuffer.o
    0x080056f6   0x080056f6   0x00000002   PAD
    0x080056f8   0x080056f8   0x0000003e   Code   RO          989    .text.bb_getUInt24  bytebuffer.o
    0x08005736   0x08005736   0x00000002   PAD
    0x08005738   0x08005738   0x00000022   Code   RO          985    .text.bb_getUInt32  bytebuffer.o
    0x0800575a   0x0800575a   0x00000002   PAD
    0x0800575c   0x0800575c   0x00000036   Code   RO         1001    .text.bb_getUInt64  bytebuffer.o
    0x08005792   0x08005792   0x00000002   PAD
    0x08005794   0x08005794   0x0000001e   Code   RO          977    .text.bb_getUInt8   bytebuffer.o
    0x080057b2   0x080057b2   0x00000002   PAD
    0x080057b4   0x080057b4   0x00000016   Code   RO          981    .text.bb_getUInt8ByIndex  bytebuffer.o
    0x080057ca   0x080057ca   0x00000002   PAD
    0x080057cc   0x080057cc   0x0000000e   Code   RO          925    .text.bb_init       bytebuffer.o
    0x080057da   0x080057da   0x00000002   PAD
    0x080057dc   0x080057dc   0x000000ce   Code   RO         1023    .text.bb_insert     bytebuffer.o
    0x080058aa   0x080058aa   0x00000002   PAD
    0x080058ac   0x080058ac   0x0000008c   Code   RO          935    .text.bb_insertUInt8  bytebuffer.o
    0x08005938   0x08005938   0x0000000c   Code   RO          917    .text.bb_isAttached  bytebuffer.o
    0x08005944   0x08005944   0x00000062   Code   RO          937    .text.bb_move       bytebuffer.o
    0x080059a6   0x080059a6   0x00000002   PAD
    0x080059a8   0x080059a8   0x0000003c   Code   RO          963    .text.bb_set        bytebuffer.o
    0x080059e4   0x080059e4   0x00000060   Code   RO          965    .text.bb_set2       bytebuffer.o
    0x08005a44   0x08005a44   0x0000007a   Code   RO          953    .text.bb_setDouble  bytebuffer.o
    0x08005abe   0x08005abe   0x00000002   PAD
    0x08005ac0   0x08005ac0   0x0000004c   Code   RO          951    .text.bb_setFloat   bytebuffer.o
    0x08005b0c   0x08005b0c   0x00000030   Code   RO          957    .text.bb_setInt16   bytebuffer.o
    0x08005b3c   0x08005b3c   0x00000080   Code   RO          961    .text.bb_setInt64   bytebuffer.o
    0x08005bbc   0x08005bbc   0x0000002a   Code   RO          955    .text.bb_setInt8    bytebuffer.o
    0x08005be6   0x08005be6   0x00000002   PAD
    0x08005be8   0x08005be8   0x00000030   Code   RO          941    .text.bb_setUInt16  bytebuffer.o
    0x08005c18   0x08005c18   0x00000040   Code   RO          945    .text.bb_setUInt32  bytebuffer.o
    0x08005c58   0x08005c58   0x00000080   Code   RO          949    .text.bb_setUInt64  bytebuffer.o
    0x08005cd8   0x08005cd8   0x0000002a   Code   RO          931    .text.bb_setUInt8   bytebuffer.o
    0x08005d02   0x08005d02   0x00000002   PAD
    0x08005d04   0x08005d04   0x00000020   Code   RO          933    .text.bb_setUInt8ByIndex  bytebuffer.o
    0x08005d24   0x08005d24   0x0000000a   Code   RO          923    .text.bb_size       bytebuffer.o
    0x08005d2e   0x08005d2e   0x00000002   PAD
    0x08005d30   0x08005d30   0x00000148   Code   RO         1562    .text.checkFrame    dlmssettings.o
    0x08005e78   0x08005e78   0x0000028e   Code   RO         1047    .text.cip_crypt     ciphering.o
    0x08006106   0x08006106   0x00000002   PAD
    0x08006108   0x08006108   0x000002cc   Code   RO         1055    .text.cip_decrypt   ciphering.o
    0x080063d4   0x080063d4   0x000003e4   Code   RO         1059    .text.cip_decryptKey  ciphering.o
    0x080067b8   0x080067b8   0x00000022   Code   RO         1053    .text.cip_encrypt   ciphering.o
    0x080067da   0x080067da   0x00000002   PAD
    0x080067dc   0x080067dc   0x00000082   Code   RO         1043    .text.cip_init      ciphering.o
    0x0800685e   0x0800685e   0x00000002   PAD
    0x08006860   0x08006860   0x0000010e   Code   RO         1546    .text.cl_init       dlmssettings.o
    0x0800696e   0x0800696e   0x00000002   PAD
    0x08006970   0x08006970   0x0000004a   Code   RO         1811    .text.clock_updateDST  gxobjects.o
    0x080069ba   0x080069ba   0x00000002   PAD
    0x080069bc   0x080069bc   0x0000004c   Code   RO         1107    .text.cosem_checkArray  cosem.o
    0x08006a08   0x08006a08   0x00000042   Code   RO         1103    .text.cosem_checkStructure  cosem.o
    0x08006a4a   0x08006a4a   0x00000002   PAD
    0x08006a4c   0x08006a4c   0x0000003e   Code   RO         1233    .text.cosem_findObjectByLN  cosem.o
    0x08006a8a   0x08006a8a   0x00000002   PAD
    0x08006a8c   0x08006a8c   0x000000e0   Code   RO         1667    .text.cosem_getActionSchedule  gxget.o
    0x08006b6c   0x08006b6c   0x00000236   Code   RO         1675    .text.cosem_getAssociationLogicalName  gxget.o
    0x08006da2   0x08006da2   0x00000002   PAD
    0x08006da4   0x08006da4   0x00000032   Code   RO         1165    .text.cosem_getBoolean  cosem.o
    0x08006dd6   0x08006dd6   0x00000002   PAD
    0x08006dd8   0x08006dd8   0x0000007a   Code   RO         1665    .text.cosem_getClock  gxget.o
    0x08006e52   0x08006e52   0x00000002   PAD
    0x08006e54   0x08006e54   0x0000006a   Code   RO         1143    .text.cosem_getDateFromOctetString  cosem.o
    0x08006ebe   0x08006ebe   0x00000002   PAD
    0x08006ec0   0x08006ec0   0x00000054   Code   RO         1193    .text.cosem_getDateTime  cosem.o
    0x08006f14   0x08006f14   0x0000006a   Code   RO         1141    .text.cosem_getDateTimeFromOctetString  cosem.o
    0x08006f7e   0x08006f7e   0x00000002   PAD
    0x08006f80   0x08006f80   0x00000032   Code   RO         1163    .text.cosem_getEnum  cosem.o
    0x08006fb2   0x08006fb2   0x00000002   PAD
    0x08006fb4   0x08006fb4   0x00000190   Code   RO         1711    .text.cosem_getFSKMacCounters  gxget.o
    0x08007144   0x08007144   0x00000156   Code   RO         1697    .text.cosem_getFunctionControl  gxget.o
    0x0800729a   0x0800729a   0x00000002   PAD
    0x0800729c   0x0800729c   0x00000062   Code   RO         1705    .text.cosem_getIec8802LlcType2Setup  gxget.o
    0x080072fe   0x080072fe   0x00000002   PAD
    0x08007300   0x08007300   0x00000046   Code   RO         1707    .text.cosem_getIec8802LlcType3Setup  gxget.o
    0x08007346   0x08007346   0x00000002   PAD
    0x08007348   0x08007348   0x00000060   Code   RO         1679    .text.cosem_getIecHdlcSetup  gxget.o
    0x080073a8   0x080073a8   0x00000032   Code   RO         1119    .text.cosem_getInt16  cosem.o
    0x080073da   0x080073da   0x00000002   PAD
    0x080073dc   0x080073dc   0x00000032   Code   RO         1117    .text.cosem_getInt8  cosem.o
    0x0800740e   0x0800740e   0x00000002   PAD
    0x08007410   0x08007410   0x00000062   Code   RO         1157    .text.cosem_getIntegerFromBitString  cosem.o
    0x08007472   0x08007472   0x00000002   PAD
    0x08007474   0x08007474   0x00000340   Code   RO         1687    .text.cosem_getLimiter  gxget.o
    0x080077b4   0x080077b4   0x000000e2   Code   RO         1719    .text.cosem_getLteMonitoring  gxget.o
    0x08007896   0x08007896   0x00000002   PAD
    0x08007898   0x08007898   0x0000013c   Code   RO         1693    .text.cosem_getMbusDiagnostic  gxget.o
    0x080079d4   0x080079d4   0x00000128   Code   RO         1695    .text.cosem_getMbusPortSetup  gxget.o
    0x08007afc   0x08007afc   0x0000005a   Code   RO         1721    .text.cosem_getNtpSetup  gxget.o
    0x08007b56   0x08007b56   0x00000002   PAD
    0x08007b58   0x08007b58   0x0000017e   Code   RO         1093    .text.cosem_getObjectSize  cosem.o
    0x08007cd6   0x08007cd6   0x00000002   PAD
    0x08007cd8   0x08007cd8   0x00000064   Code   RO         1127    .text.cosem_getOctetString  cosem.o
    0x08007d3c   0x08007d3c   0x00000062   Code   RO         1131    .text.cosem_getOctetString2  cosem.o
    0x08007d9e   0x08007d9e   0x00000002   PAD
    0x08007da0   0x08007da0   0x00000180   Code   RO         1683    .text.cosem_getProfileGeneric  gxget.o
    0x08007f20   0x08007f20   0x000003a2   Code   RO         1699    .text.cosem_getPushSetup  gxget.o
    0x080082c2   0x080082c2   0x00000002   PAD
    0x080082c4   0x080082c4   0x0000006c   Code   RO         1663    .text.cosem_getRegister  gxget.o
    0x08008330   0x08008330   0x00000166   Code   RO         1715    .text.cosem_getSFSKPhyMacSetUp  gxget.o
    0x08008496   0x08008496   0x00000002   PAD
    0x08008498   0x08008498   0x000000c4   Code   RO         1689    .text.cosem_getSapAssignment  gxget.o
    0x0800855c   0x0800855c   0x00000120   Code   RO         1691    .text.cosem_getScriptTable  gxget.o
    0x0800867c   0x0800867c   0x0000006a   Code   RO         1135    .text.cosem_getString2  cosem.o
    0x080086e6   0x080086e6   0x00000002   PAD
    0x080086e8   0x080086e8   0x0000006a   Code   RO         1145    .text.cosem_getTimeFromOctetString  cosem.o
    0x08008752   0x08008752   0x00000002   PAD
    0x08008754   0x08008754   0x00000032   Code   RO         1113    .text.cosem_getUInt16  cosem.o
    0x08008786   0x08008786   0x00000002   PAD
    0x08008788   0x08008788   0x00000032   Code   RO         1115    .text.cosem_getUInt32  cosem.o
    0x080087ba   0x080087ba   0x00000002   PAD
    0x080087bc   0x080087bc   0x00000032   Code   RO         1111    .text.cosem_getUInt8  cosem.o
    0x080087ee   0x080087ee   0x00000002   PAD
    0x080087f0   0x080087f0   0x000003e8   Code   RO         1701    .text.cosem_getValue  gxget.o
    0x08008bd8   0x08008bd8   0x0000004a   Code   RO         1159    .text.cosem_getVariant  cosem.o
    0x08008c22   0x08008c22   0x00000002   PAD
    0x08008c24   0x08008c24   0x0000005a   Code   RO         1161    .text.cosem_getVariantExact  cosem.o
    0x08008c7e   0x08008c7e   0x00000002   PAD
    0x08008c80   0x08008c80   0x0000000a   Code   RO         1097    .text.cosem_init2   cosem.o
    0x08008c8a   0x08008c8a   0x00000002   PAD
    0x08008c8c   0x08008c8c   0x0000027e   Code   RO         1101    .text.cosem_init4   cosem.o
    0x08008f0a   0x08008f0a   0x00000002   PAD
    0x08008f0c   0x08008f0c   0x000001ea   Code   RO         1743    .text.cosem_invoke  gxinvoke.o
    0x080090f6   0x080090f6   0x00000002   PAD
    0x080090f8   0x080090f8   0x00000162   Code   RO         2140    .text.cosem_setActionSchedule  gxsetignoremalloc.o
    0x0800925a   0x0800925a   0x00000002   PAD
    0x0800925c   0x0800925c   0x0000001e   Code   RO         1225    .text.cosem_setArray  cosem.o
    0x0800927a   0x0800927a   0x00000002   PAD
    0x0800927c   0x0800927c   0x00000502   Code   RO         2146    .text.cosem_setAssociationLogicalName  gxsetignoremalloc.o
    0x0800977e   0x0800977e   0x00000002   PAD
    0x08009780   0x08009780   0x000000c2   Code   RO         1175    .text.cosem_setBitString  cosem.o
    0x08009842   0x08009842   0x00000002   PAD
    0x08009844   0x08009844   0x0000001e   Code   RO         1229    .text.cosem_setBoolean  cosem.o
    0x08009862   0x08009862   0x00000002   PAD
    0x08009864   0x08009864   0x0000012a   Code   RO         2138    .text.cosem_setClock  gxsetignoremalloc.o
    0x0800998e   0x0800998e   0x00000002   PAD
    0x08009990   0x08009990   0x00000088   Code   RO         2134    .text.cosem_setData  gxsetignoremalloc.o
    0x08009a18   0x08009a18   0x0000002c   Code   RO         1173    .text.cosem_setDateAsOctetString  cosem.o
    0x08009a44   0x08009a44   0x0000001e   Code   RO         1185    .text.cosem_setDateTime  cosem.o
    0x08009a62   0x08009a62   0x00000002   PAD
    0x08009a64   0x08009a64   0x0000002c   Code   RO         1171    .text.cosem_setDateTimeAsOctetString  cosem.o
    0x08009a90   0x08009a90   0x00000094   Code   RO         2152    .text.cosem_setDisconnectControl  gxsetignoremalloc.o
    0x08009b24   0x08009b24   0x0000001e   Code   RO         1227    .text.cosem_setEnum  cosem.o
    0x08009b42   0x08009b42   0x00000002   PAD
    0x08009b44   0x08009b44   0x000001ba   Code   RO         2180    .text.cosem_setFSKMacCounters  gxsetignoremalloc.o
    0x08009cfe   0x08009cfe   0x00000002   PAD
    0x08009d00   0x08009d00   0x000001ec   Code   RO         2164    .text.cosem_setFunctionControl  gxsetignoremalloc.o
    0x08009eec   0x08009eec   0x00000012   Code   RO         2172    .text.cosem_setIec8802LlcType1Setup  gxsetignoremalloc.o
    0x08009efe   0x08009efe   0x00000002   PAD
    0x08009f00   0x08009f00   0x0000005c   Code   RO         2174    .text.cosem_setIec8802LlcType2Setup  gxsetignoremalloc.o
    0x08009f5c   0x08009f5c   0x00000044   Code   RO         2176    .text.cosem_setIec8802LlcType3Setup  gxsetignoremalloc.o
    0x08009fa0   0x08009fa0   0x000000b0   Code   RO         2150    .text.cosem_setIecHdlcSetup  gxsetignoremalloc.o
    0x0800a050   0x0800a050   0x0000001e   Code   RO         1215    .text.cosem_setInt16  cosem.o
    0x0800a06e   0x0800a06e   0x00000002   PAD
    0x0800a070   0x0800a070   0x0000001e   Code   RO         1213    .text.cosem_setInt8  cosem.o
    0x0800a08e   0x0800a08e   0x00000002   PAD
    0x0800a090   0x0800a090   0x00000212   Code   RO         2154    .text.cosem_setLimiter  gxsetignoremalloc.o
    0x0800a2a2   0x0800a2a2   0x00000002   PAD
    0x0800a2a4   0x0800a2a4   0x000000fa   Code   RO         2188    .text.cosem_setLteMonitoring  gxsetignoremalloc.o
    0x0800a39e   0x0800a39e   0x00000002   PAD
    0x0800a3a0   0x0800a3a0   0x00000158   Code   RO         2160    .text.cosem_setMbusDiagnostic  gxsetignoremalloc.o
    0x0800a4f8   0x0800a4f8   0x00000154   Code   RO         2162    .text.cosem_setMbusPortSetup  gxsetignoremalloc.o
    0x0800a64c   0x0800a64c   0x000000ea   Code   RO         2190    .text.cosem_setNtpSetup  gxsetignoremalloc.o
    0x0800a736   0x0800a736   0x00000002   PAD
    0x0800a738   0x0800a738   0x0000003c   Code   RO         1179    .text.cosem_setOctetString  cosem.o
    0x0800a774   0x0800a774   0x00000046   Code   RO         1191    .text.cosem_setOctetString2  cosem.o
    0x0800a7ba   0x0800a7ba   0x00000002   PAD
    0x0800a7bc   0x0800a7bc   0x000000f4   Code   RO         2170    .text.cosem_setProfileGeneric  gxsetignoremalloc.o
    0x0800a8b0   0x0800a8b0   0x0000043e   Code   RO         2166    .text.cosem_setPushSetup  gxsetignoremalloc.o
    0x0800acee   0x0800acee   0x00000002   PAD
    0x0800acf0   0x0800acf0   0x0000004e   Code   RO         2136    .text.cosem_setRegister  gxsetignoremalloc.o
    0x0800ad3e   0x0800ad3e   0x00000002   PAD
    0x0800ad40   0x0800ad40   0x0000004c   Code   RO         2178    .text.cosem_setSFSKActiveInitiator  gxsetignoremalloc.o
    0x0800ad8c   0x0800ad8c   0x00000038   Code   RO         2182    .text.cosem_setSFSKMacSynchronizationTimeouts  gxsetignoremalloc.o
    0x0800adc4   0x0800adc4   0x000001a2   Code   RO         2184    .text.cosem_setSFSKPhyMacSetUp  gxsetignoremalloc.o
    0x0800af66   0x0800af66   0x00000002   PAD
    0x0800af68   0x0800af68   0x00000076   Code   RO         2186    .text.cosem_setSFSKReportingSystemList  gxsetignoremalloc.o
    0x0800afde   0x0800afde   0x00000002   PAD
    0x0800afe0   0x0800afe0   0x00000098   Code   RO         2156    .text.cosem_setSapAssignment  gxsetignoremalloc.o
    0x0800b078   0x0800b078   0x0000015a   Code   RO         2158    .text.cosem_setScriptTable  gxsetignoremalloc.o
    0x0800b1d2   0x0800b1d2   0x00000002   PAD
    0x0800b1d4   0x0800b1d4   0x000000a8   Code   RO         2148    .text.cosem_setSecuritySetup  gxsetignoremalloc.o
    0x0800b27c   0x0800b27c   0x00000046   Code   RO         1181    .text.cosem_setString  cosem.o
    0x0800b2c2   0x0800b2c2   0x00000002   PAD
    0x0800b2c4   0x0800b2c4   0x0000001e   Code   RO         1223    .text.cosem_setStructure  cosem.o
    0x0800b2e2   0x0800b2e2   0x00000002   PAD
    0x0800b2e4   0x0800b2e4   0x0000002c   Code   RO         1177    .text.cosem_setTimeAsOctetString  cosem.o
    0x0800b310   0x0800b310   0x0000001e   Code   RO         1207    .text.cosem_setUInt16  cosem.o
    0x0800b32e   0x0800b32e   0x00000002   PAD
    0x0800b330   0x0800b330   0x0000001e   Code   RO         1209    .text.cosem_setUInt32  cosem.o
    0x0800b34e   0x0800b34e   0x00000002   PAD
    0x0800b350   0x0800b350   0x0000001e   Code   RO         1205    .text.cosem_setUInt8  cosem.o
    0x0800b36e   0x0800b36e   0x00000002   PAD
    0x0800b370   0x0800b370   0x000002c2   Code   RO         2113    .text.cosem_setValue  gxset.o
    0x0800b632   0x0800b632   0x00000002   PAD
    0x0800b634   0x0800b634   0x00000012   Code   RO         1221    .text.cosem_setVariant  cosem.o
    0x0800b646   0x0800b646   0x00000002   PAD
    0x0800b648   0x0800b648   0x000001d6   Code   RO           73    .text.createObjects  main.o
    0x0800b81e   0x0800b81e   0x00000002   PAD
    0x0800b820   0x0800b820   0x0000000c   Code   RO         1269    .text.di_init       datainfo.o
    0x0800b82c   0x0800b82c   0x00000024   Code   RO         1505    .text.dlms_addLLCBytes  dlms.o
    0x0800b850   0x0800b850   0x0000002e   Code   RO         1523    .text.dlms_appendHdlcParameter  dlms.o
    0x0800b87e   0x0800b87e   0x00000002   PAD
    0x0800b880   0x0800b880   0x00000100   Code   RO         1445    .text.dlms_checkHdlcAddress  dlms.o
    0x0800b980   0x0800b980   0x00000112   Code   RO         1457    .text.dlms_checkWrapperAddress  dlms.o
    0x0800ba92   0x0800ba92   0x00000002   PAD
    0x0800ba94   0x0800ba94   0x000000fc   Code   RO         1517    .text.dlms_generateChallenge  dlms.o
    0x0800bb90   0x0800bb90   0x00000520   Code   RO         1437    .text.dlms_getData  dlms.o
    0x0800c0b0   0x0800c0b0   0x00000018   Code   RO         1513    .text.dlms_getData2  dlms.o
    0x0800c0c8   0x0800c0c8   0x0000017a   Code   RO         1515    .text.dlms_getData3  dlms.o
    0x0800c242   0x0800c242   0x00000002   PAD
    0x0800c244   0x0800c244   0x00000156   Code   RO         1391    .text.dlms_getGloMessage  dlms.o
    0x0800c39a   0x0800c39a   0x00000002   PAD
    0x0800c39c   0x0800c39c   0x000000fe   Code   RO         1441    .text.dlms_getHDLCAddress  dlms.o
    0x0800c49a   0x0800c49a   0x00000002   PAD
    0x0800c49c   0x0800c49c   0x000004e4   Code   RO         1455    .text.dlms_getHdlcData  dlms.o
    0x0800c980   0x0800c980   0x000004d4   Code   RO         1451    .text.dlms_getHdlcFrame  dlms.o
    0x0800ce54   0x0800ce54   0x000004c0   Code   RO         1511    .text.dlms_getLNPdu  dlms.o
    0x0800d314   0x0800d314   0x00000108   Code   RO         1461    .text.dlms_getMBusData  dlms.o
    0x0800d41c   0x0800d41c   0x00000364   Code   RO         1499    .text.dlms_getPdu   dlms.o
    0x0800d780   0x0800d780   0x000000d4   Code   RO         1459    .text.dlms_getTcpData  dlms.o
    0x0800d854   0x0800d854   0x000000be   Code   RO         1479    .text.dlms_getValueFromData  dlms.o
    0x0800d912   0x0800d912   0x00000002   PAD
    0x0800d914   0x0800d914   0x000000cc   Code   RO         1469    .text.dlms_getWrapperFrame  dlms.o
    0x0800d9e0   0x0800d9e0   0x000000c4   Code   RO         1495    .text.dlms_handleDataNotification  dlms.o
    0x0800daa4   0x0800daa4   0x00000136   Code   RO         1497    .text.dlms_handleGbt  dlms.o
    0x0800dbda   0x0800dbda   0x00000002   PAD
    0x0800dbdc   0x0800dbdc   0x00000180   Code   RO         1501    .text.dlms_handleGloDedRequest  dlms.o
    0x0800dd5c   0x0800dd5c   0x0000005c   Code   RO         1527    .text.dlms_isPduFull  dlms.o
    0x0800ddb8   0x0800ddb8   0x00000126   Code   RO         1521    .text.dlms_parseSnrmUaResponse  dlms.o
    0x0800dede   0x0800dede   0x00000002   PAD
    0x0800dee0   0x0800dee0   0x0000010e   Code   RO         1519    .text.dlms_secure   dlms.o
    0x0800dfee   0x0800dfee   0x00000002   PAD
    0x0800dff0   0x0800dff0   0x0000000a   Code   RO         1401    .text.dlms_setData  dlms.o
    0x0800dffa   0x0800dffa   0x00000002   PAD
    0x0800dffc   0x0800dffc   0x0000001a   Code   RO         1383    .text.dlms_useHdlc  dlms.o
    0x0800e016   0x0800e016   0x00000002   PAD
    0x0800e018   0x0800e018   0x0000006a   Code   RO         1723    .text.getAuthenticationKeys  gxget.o
    0x0800e082   0x0800e082   0x00000002   PAD
    0x0800e084   0x0800e084   0x000000b8   Code   RO         1411    .text.getBcd        dlms.o
    0x0800e13c   0x0800e13c   0x00000108   Code   RO         1681    .text.getColumns    gxget.o
    0x0800e244   0x0800e244   0x00000096   Code   RO         1433    .text.getDate       dlms.o
    0x0800e2da   0x0800e2da   0x00000002   PAD
    0x0800e2dc   0x0800e2dc   0x000001a8   Code   RO         1435    .text.getDateTime   dlms.o
    0x0800e484   0x0800e484   0x00000014   Code   RO         1568    .text.getKeepAlive  dlmssettings.o
    0x0800e498   0x0800e498   0x000000e2   Code   RO         1669    .text.getLNAccessRights  gxget.o
    0x0800e57a   0x0800e57a   0x00000002   PAD
    0x0800e57c   0x0800e57c   0x000002aa   Code   RO         1671    .text.getLNObjects  gxget.o
    0x0800e826   0x0800e826   0x00000002   PAD
    0x0800e828   0x0800e828   0x00000038   Code   RO         1564    .text.getNextSend   dlmssettings.o
    0x0800e860   0x0800e860   0x00000020   Code   RO         1566    .text.getReceiverReady  dlmssettings.o
    0x0800e880   0x0800e880   0x0000009e   Code   RO         1431    .text.getTime       dlms.o
    0x0800e91e   0x0800e91e   0x00000002   PAD
    0x0800e920   0x0800e920   0x000000ba   Code   RO         1673    .text.getUserList   gxget.o
    0x0800e9da   0x0800e9da   0x00000002   PAD
    0x0800e9dc   0x0800e9dc   0x00000836   Code   RO         1598    .text.gxaes_cipher  gxaes.o
    0x0800f212   0x0800f212   0x00000002   PAD
    0x0800f214   0x0800f214   0x000000f6   Code   RO         1602    .text.gxaes_decrypt  gxaes.o
    0x0800f30a   0x0800f30a   0x00000002   PAD
    0x0800f30c   0x0800f30c   0x000000f4   Code   RO         1600    .text.gxaes_encrypt  gxaes.o
    0x0800f400   0x0800f400   0x000001a0   Code   RO         1596    .text.gxaes_keyExpansion  gxaes.o
    0x0800f5a0   0x0800f5a0   0x00000192   Code   RO         1592    .text.gxaes_mixColumns  gxaes.o
    0x0800f732   0x0800f732   0x00000002   PAD
    0x0800f734   0x0800f734   0x00000082   Code   RO         1588    .text.gxaes_subBytes  gxaes.o
    0x0800f7b6   0x0800f7b6   0x00000002   PAD
    0x0800f7b8   0x0800f7b8   0x00000674   Code   RO         1049    .text.gxgcm_getTag  ciphering.o
    0x0800fe2c   0x0800fe2c   0x00000256   Code   RO         1061    .text.gxgcm_multiplyH  ciphering.o
    0x08010082   0x08010082   0x00000002   PAD
    0x08010084   0x08010084   0x000001b0   Code   RO         1051    .text.gxgcm_transformBlock  ciphering.o
    0x08010234   0x08010234   0x0000008c   Code   RO         2275    .text.hlp_add       helpers.o
    0x080102c0   0x080102c0   0x0000001a   Code   RO         2259    .text.hlp_getDataTypeSize  helpers.o
    0x080102da   0x080102da   0x00000002   PAD
    0x080102dc   0x080102dc   0x00000080   Code   RO         2239    .text.hlp_getObjectCount2  helpers.o
    0x0801035c   0x0801035c   0x00000020   Code   RO         2235    .text.hlp_getObjectCountSizeInBytes  helpers.o
    0x0801037c   0x0801037c   0x00000036   Code   RO         2271    .text.hlp_rand      helpers.o
    0x080103b2   0x080103b2   0x00000002   PAD
    0x080103b4   0x080103b4   0x00000064   Code   RO         2241    .text.hlp_setObjectCount  helpers.o
    0x08010418   0x08010418   0x00000038   Code   RO         2273    .text.hlp_swapBits  helpers.o
    0x08010450   0x08010450   0x000002e6   Code   RO         1735    .text.invoke_AssociationLogicalName  gxinvoke.o
    0x08010736   0x08010736   0x00000002   PAD
    0x08010738   0x08010738   0x000000da   Code   RO         1745    .text.invoke_Clock  gxinvoke.o
    0x08010812   0x08010812   0x00000002   PAD
    0x08010814   0x08010814   0x00000520   Code   RO         1759    .text.invoke_FunctionControl  gxinvoke.o
    0x08010d34   0x08010d34   0x000000e4   Code   RO         1763    .text.invoke_NtpSetup  gxinvoke.o
    0x08010e18   0x08010e18   0x00000114   Code   RO         1737    .text.invoke_SapAssigment  gxinvoke.o
    0x08010f2c   0x08010f2c   0x00000162   Code   RO         1741    .text.invoke_ScriptTable  gxinvoke.o
    0x0801108e   0x0801108e   0x00000002   PAD
    0x08011090   0x08011090   0x00000174   Code   RO         1739    .text.invoke_SecuritySetup  gxinvoke.o
    0x08011204   0x08011204   0x0000000a   Code   RO         1570    .text.isCiphered    dlmssettings.o
    0x0801120e   0x0801120e   0x00000002   PAD
    0x08011210   0x08011210   0x000002ea   Code   RO           77    .text.main          main.o
    0x080114fa   0x080114fa   0x00000002   PAD
    0x080114fc   0x080114fc   0x0000000c   Code   RO         2334    .text.oa_attach     objectarray.o
    0x08011508   0x08011508   0x00000006   Code   RO         2342    .text.oa_empty      objectarray.o
    0x0801150e   0x0801150e   0x00000002   PAD
    0x08011510   0x08011510   0x00000082   Code   RO         2350    .text.oa_findByLN   objectarray.o
    0x08011592   0x08011592   0x00000002   PAD
    0x08011594   0x08011594   0x00000018   Code   RO         2338    .text.oa_getByIndex  objectarray.o
    0x080115ac   0x080115ac   0x00000008   Code   RO         2326    .text.oa_init       objectarray.o
    0x080115b4   0x080115b4   0x00000246   Code   RO         1805    .text.obj_attributeCount  gxobjects.o
    0x080117fa   0x080117fa   0x00000002   PAD
    0x080117fc   0x080117fc   0x0000000a   Code   RO         1791    .text.obj_clearActivationStatus  gxobjects.o
    0x08011806   0x08011806   0x00000002   PAD
    0x08011808   0x08011808   0x0000000a   Code   RO         1785    .text.obj_clearByteBufferList  gxobjects.o
    0x08011812   0x08011812   0x00000002   PAD
    0x08011814   0x08011814   0x0000000a   Code   RO         1799    .text.obj_clearCertificateInfo  gxobjects.o
    0x0801181e   0x0801181e   0x00000002   PAD
    0x08011820   0x08011820   0x0000000a   Code   RO         1793    .text.obj_clearFunctionList  gxobjects.o
    0x0801182a   0x0801182a   0x00000002   PAD
    0x0801182c   0x0801182c   0x0000000a   Code   RO         1783    .text.obj_clearProfileGenericCaptureObjects  gxobjects.o
    0x08011836   0x08011836   0x00000002   PAD
    0x08011838   0x08011838   0x0000000a   Code   RO         1779    .text.obj_clearPushObjectList  gxobjects.o
    0x08011842   0x08011842   0x00000002   PAD
    0x08011844   0x08011844   0x0000000a   Code   RO         1781    .text.obj_clearSapList  gxobjects.o
    0x0801184e   0x0801184e   0x00000002   PAD
    0x08011850   0x08011850   0x0000000a   Code   RO         1787    .text.obj_clearScriptTable  gxobjects.o
    0x0801185a   0x0801185a   0x00000002   PAD
    0x0801185c   0x0801185c   0x00000012   Code   RO         1775    .text.obj_getLogicalName  gxobjects.o
    0x0801186e   0x0801186e   0x00000002   PAD
    0x08011870   0x08011870   0x00000168   Code   RO         1809    .text.obj_methodCount  gxobjects.o
    0x080119d8   0x080119d8   0x00000042   Code   RO         2364    .text.params_initLN  parameters.o
    0x08011a1a   0x08011a1a   0x00000002   PAD
    0x08011a1c   0x08011a1c   0x0000003c   Code   RO         2377    .text.reply_clear2  replydata.o
    0x08011a58   0x08011a58   0x00000038   Code   RO         2375    .text.reply_init    replydata.o
    0x08011a90   0x08011a90   0x00000008   Code   RO         1556    .text.resetBlockIndex  dlmssettings.o
    0x08011a98   0x08011a98   0x00000020   Code   RO         1550    .text.resetFrameSequence  dlmssettings.o
    0x08011ab8   0x08011ab8   0x000000d2   Code   RO         2168    .text.setCaptureObjects  gxsetignoremalloc.o
    0x08011b8a   0x08011b8a   0x00000002   PAD
    0x08011b8c   0x08011b8c   0x0000039a   Code   RO         2399    .text.svr_HandleAarqRequest  server.o
    0x08011f26   0x08011f26   0x00000002   PAD
    0x08011f28   0x08011f28   0x00000004   Code   RO           63    .text.svr_connected  main.o
    0x08011f2c   0x08011f2c   0x00000004   Code   RO           67    .text.svr_disconnected  main.o
    0x08011f30   0x08011f30   0x00000014   Code   RO           41    .text.svr_findObject  main.o
    0x08011f44   0x08011f44   0x000000a8   Code   RO         2403    .text.svr_generateDisconnectRequest  server.o
    0x08011fec   0x08011fec   0x00000082   Code   RO         2397    .text.svr_generateExceptionResponse  server.o
    0x0801206e   0x0801206e   0x00000002   PAD
    0x08012070   0x08012070   0x00000024   Code   RO           59    .text.svr_getAttributeAccess  main.o
    0x08012094   0x08012094   0x00000020   Code   RO           61    .text.svr_getMethodAccess  main.o
    0x080120b4   0x080120b4   0x00000150   Code   RO         2421    .text.svr_getRequestNextDataBlock  server.o
    0x08012204   0x08012204   0x00000290   Code   RO         2419    .text.svr_getRequestNormal  server.o
    0x08012494   0x08012494   0x000002c0   Code   RO         2423    .text.svr_getRequestWithList  server.o
    0x08012754   0x08012754   0x000000f4   Code   RO         2411    .text.svr_getTarget  server.o
    0x08012848   0x08012848   0x000003b8   Code   RO         2433    .text.svr_handleCommand  server.o
    0x08012c00   0x08012c00   0x000000e2   Code   RO         2425    .text.svr_handleGetRequest  server.o
    0x08012ce2   0x08012ce2   0x00000002   PAD
    0x08012ce4   0x08012ce4   0x00000386   Code   RO         2429    .text.svr_handleMethodRequest  server.o
    0x0801306a   0x0801306a   0x00000002   PAD
    0x0801306c   0x0801306c   0x00000192   Code   RO         2431    .text.svr_handleReleaseRequest  server.o
    0x080131fe   0x080131fe   0x00000002   PAD
    0x08013200   0x08013200   0x00000030   Code   RO         2435    .text.svr_handleRequest  server.o
    0x08013230   0x08013230   0x000005c6   Code   RO         2441    .text.svr_handleRequest4  server.o
    0x080137f6   0x080137f6   0x00000002   PAD
    0x080137f8   0x080137f8   0x000000ce   Code   RO         2417    .text.svr_handleSetRequest  server.o
    0x080138c6   0x080138c6   0x00000002   PAD
    0x080138c8   0x080138c8   0x000001d2   Code   RO         2409    .text.svr_handleSetRequest2  server.o
    0x08013a9a   0x08013a9a   0x00000002   PAD
    0x08013a9c   0x08013a9c   0x000001d4   Code   RO         2413    .text.svr_handleSetRequestWithList  server.o
    0x08013c70   0x08013c70   0x0000013c   Code   RO         2401    .text.svr_handleSnrmRequest  server.o
    0x08013dac   0x08013dac   0x000000aa   Code   RO         1544    .text.svr_init      dlmssettings.o
    0x08013e56   0x08013e56   0x00000002   PAD
    0x08013e58   0x08013e58   0x000000ae   Code   RO         2391    .text.svr_initialize  server.o
    0x08013f06   0x08013f06   0x00000002   PAD
    0x08013f08   0x08013f08   0x00000004   Code   RO           65    .text.svr_invalidConnection  main.o
    0x08013f0c   0x08013f0c   0x0000004c   Code   RO           55    .text.svr_isTarget  main.o
    0x08013f58   0x08013f58   0x00000028   Code   RO           53    .text.svr_postAction  main.o
    0x08013f80   0x08013f80   0x00000002   Code   RO           71    .text.svr_postGet   main.o
    0x08013f82   0x08013f82   0x00000002   PAD
    0x08013f84   0x08013f84   0x00000002   Code   RO           49    .text.svr_postRead  main.o
    0x08013f86   0x08013f86   0x00000002   PAD
    0x08013f88   0x08013f88   0x00000002   Code   RO           51    .text.svr_postWrite  main.o
    0x08013f8a   0x08013f8a   0x00000002   PAD
    0x08013f8c   0x08013f8c   0x00000028   Code   RO           47    .text.svr_preAction  main.o
    0x08013fb4   0x08013fb4   0x00000028   Code   RO           69    .text.svr_preGet    main.o
    0x08013fdc   0x08013fdc   0x00000092   Code   RO           43    .text.svr_preRead   main.o
    0x0801406e   0x0801406e   0x00000002   PAD
    0x08014070   0x08014070   0x00000002   Code   RO           45    .text.svr_preWrite  main.o
    0x08014072   0x08014072   0x00000002   PAD
    0x08014074   0x08014074   0x000000d8   Code   RO         2407    .text.svr_reportError  server.o
    0x0801414c   0x0801414c   0x00000004   Code   RO           57    .text.svr_validateAuthentication  main.o
    0x08014150   0x08014150   0x0000000e   Code   RO         1289    .text.time_addHours  date.o
    0x0801415e   0x0801415e   0x00000002   PAD
    0x08014160   0x08014160   0x0000000e   Code   RO         1295    .text.time_addMinutes  date.o
    0x0801416e   0x0801416e   0x00000002   PAD
    0x08014170   0x08014170   0x00000008   Code   RO         1301    .text.time_addSeconds  date.o
    0x08014178   0x08014178   0x0000001c   Code   RO         1351    .text.time_addTime  date.o
    0x08014194   0x08014194   0x00000008   Code   RO         1333    .text.time_clear    date.o
    0x0801419c   0x0801419c   0x0000002c   Code   RO         1281    .text.time_clearDate  date.o
    0x080141c8   0x080141c8   0x00000052   Code   RO         1285    .text.time_clearTime  date.o
    0x0801421a   0x0801421a   0x00000002   PAD
    0x0801421c   0x0801421c   0x0000001a   Code   RO         1359    .text.time_compare  date.o
    0x08014236   0x08014236   0x00000002   PAD
    0x08014238   0x08014238   0x00000322   Code   RO         1353    .text.time_compareWithDiff  date.o
    0x0801455a   0x0801455a   0x00000002   PAD
    0x0801455c   0x0801455c   0x00000004   Code   RO           13    .text.time_elapsed  main.o
    0x08014560   0x08014560   0x000001d2   Code   RO         1347    .text.time_fromUnixTime2  date.o
    0x08014732   0x08014732   0x00000002   PAD
    0x08014734   0x08014734   0x0000002a   Code   RO         1291    .text.time_getHours  date.o
    0x0801475e   0x0801475e   0x00000002   PAD
    0x08014760   0x08014760   0x0000002a   Code   RO         1297    .text.time_getMinutes  date.o
    0x0801478a   0x0801478a   0x00000002   PAD
    0x0801478c   0x0801478c   0x0000001c   Code   RO         1303    .text.time_getSeconds  date.o
    0x080147a8   0x080147a8   0x00000180   Code   RO         1277    .text.time_init     date.o
    0x08014928   0x08014928   0x0000000a   Code   RO         1331    .text.time_initUnix  date.o
    0x08014932   0x08014932   0x00000002   PAD
    0x08014934   0x08014934   0x0000002e   Code   RO         1367    .text.time_toUTC    date.o
    0x08014962   0x08014962   0x00000002   PAD
    0x08014964   0x08014964   0x00000160   Code   RO         1355    .text.time_toUnixTime2  date.o
    0x08014ac4   0x08014ac4   0x0000000a   Code   RO         1572    .text.trans_clear   dlmssettings.o
    0x08014ace   0x08014ace   0x00000002   PAD
    0x08014ad0   0x08014ad0   0x00000018   Code   RO         1574    .text.updateInvokeId  dlmssettings.o
    0x08014ae8   0x08014ae8   0x0000001c   Code   RO         2553    .text.va_getByIndex  variant.o
    0x08014b04   0x08014b04   0x00000008   Code   RO         2565    .text.va_getCapacity  variant.o
    0x08014b0c   0x08014b0c   0x0000001a   Code   RO         2495    .text.var_clear     variant.o
    0x08014b26   0x08014b26   0x00000002   PAD
    0x08014b28   0x08014b28   0x00000154   Code   RO         2559    .text.var_copy      variant.o
    0x08014c7c   0x08014c7c   0x0000001a   Code   RO         2547    .text.var_getBytes2  variant.o
    0x08014c96   0x08014c96   0x00000002   PAD
    0x08014c98   0x08014c98   0x00000406   Code   RO         2551    .text.var_getBytes4  variant.o
    0x0801509e   0x0801509e   0x00000002   PAD
    0x080150a0   0x080150a0   0x000000d2   Code   RO         2541    .text.var_getDate   variant.o
    0x08015172   0x08015172   0x00000002   PAD
    0x08015174   0x08015174   0x00000162   Code   RO         2539    .text.var_getDateTime2  variant.o
    0x080152d6   0x080152d6   0x00000002   PAD
    0x080152d8   0x080152d8   0x00000090   Code   RO         2543    .text.var_getTime   variant.o
    0x08015368   0x08015368   0x0000000c   Code   RO         2537    .text.var_init      variant.o
    0x08015374   0x08015374   0x0000001e   Code   RO         2499    .text.var_setUInt16  variant.o
    0x08015392   0x08015392   0x00000002   PAD
    0x08015394   0x08015394   0x000000b2   Code   RO         2557    .text.var_toInteger  variant.o
    0x08015446   0x08015446   0x00000002   PAD
    0x08015448   0x08015448   0x0000002e   Code   RO         2221    .text.ve_clear      gxvalueeventargs.o
    0x08015476   0x08015476   0x00000002   PAD
    0x08015478   0x08015478   0x00000030   Code   RO         2219    .text.ve_init       gxvalueeventargs.o
    0x080154a8   0x080154a8   0x00000010   Code   RO         2209    .text.vec_attach    gxvalueeventargs.o
    0x080154b8   0x080154b8   0x00000008   Code   RO         2215    .text.vec_clear     gxvalueeventargs.o
    0x080154c0   0x080154c0   0x00000008   Code   RO         2213    .text.vec_empty     gxvalueeventargs.o
    0x080154c8   0x080154c8   0x0000001a   Code   RO         2217    .text.vec_getByIndex  gxvalueeventargs.o
    0x080154e2   0x080154e2   0x00000002   PAD
    0x080154e4   0x080154e4   0x0000000a   Code   RO         2203    .text.vec_init      gxvalueeventargs.o
    0x080154ee   0x080154ee   0x0000000e   Code   RO         2650    i._is_digit         c_w.l(__printf_wp.o)
    0x080154fc   0x080154fc   0x00000150   Code   RO         2686    x$fpl$dadd          fz_wm.l(daddsub_clz.o)
    0x0801564c   0x0801564c   0x0000005e   Code   RO         2698    x$fpl$dfix          fz_wm.l(dfix.o)
    0x080156aa   0x080156aa   0x0000002e   Code   RO         2703    x$fpl$dflt          fz_wm.l(dflt_clz.o)
    0x080156d8   0x080156d8   0x00000026   Code   RO         2702    x$fpl$dfltu         fz_wm.l(dflt_clz.o)
    0x080156fe   0x080156fe   0x00000002   PAD
    0x08015700   0x08015700   0x00000154   Code   RO         2712    x$fpl$dmul          fz_wm.l(dmul.o)
    0x08015854   0x08015854   0x0000009c   Code   RO         2746    x$fpl$dnaninf       fz_wm.l(dnaninf.o)
    0x080158f0   0x080158f0   0x0000000c   Code   RO         2748    x$fpl$dretinf       fz_wm.l(dretinf.o)
    0x080158fc   0x080158fc   0x000001dc   Code   RO         2688    x$fpl$dsub          fz_wm.l(daddsub_clz.o)
    0x08015ad8   0x08015ad8   0x0000001a   Code   RO         2999    x$fpl$fpinit        fz_wm.l(fpinit.o)
    0x08015af2   0x08015af2   0x00000000   Code   RO         2752    x$fpl$usenofp       fz_wm.l(usenofp.o)
    0x08015af2   0x08015af2   0x00000028   Data   RO         2629    .constdata          c_w.l(_printf_hex_ptr.o)
    0x08015b1a   0x08015b1a   0x00000011   Data   RO         2658    .constdata          c_w.l(__printf_flags_ss_wp.o)
    0x08015b2b   0x08015b2b   0x00000002   Data   RO           84    .rodata..L.str.2    main.o
    0x08015b2d   0x08015b2d   0x00000003   PAD
    0x08015b30   0x08015b30   0x00000088   Data   RO         2281    .rodata..Lswitch.table.hlp_getDataTypeSize  helpers.o
    0x08015bb8   0x08015bb8   0x00000034   Data   RO         1374    .rodata..Lswitch.table.time_toUnixTime2  date.o
    0x08015bec   0x08015bec   0x00000010   Data   RO          830    .rodata.AHBPrescTable  system_stm32l4xx.o
    0x08015bfc   0x08015bfc   0x00000008   Data   RO          831    .rodata.APBPrescTable  system_stm32l4xx.o
    0x08015c04   0x08015c04   0x00000006   Data   RO         2466    .rodata.DEFAULT_ASSOCIATION  server.o
    0x08015c0a   0x08015c0a   0x00000010   Data   RO         1529    .rodata.EMPTY_KEY   dlms.o
    0x08015c1a   0x08015c1a   0x00000006   Data   RO         1260    .rodata.EMPTY_LN    cosem.o
    0x08015c20   0x08015c20   0x00000006   Data   RO         1726    .rodata.EMPTY_LN    gxget.o
    0x08015c26   0x08015c26   0x00000006   Data   RO         1815    .rodata.EMPTY_LN    gxobjects.o
    0x08015c2c   0x08015c2c   0x00000006   Data   RO         2465    .rodata.EMPTY_LN    server.o
    0x08015c32   0x08015c32   0x00000008   Data   RO          870    .rodata.EMPTY_SYSTEM_TITLE  apdu.o
    0x08015c3a   0x08015c3a   0x00000008   Data   RO         1530    .rodata.EMPTY_SYSTEM_TITLE  dlms.o
    0x08015c42   0x08015c42   0x00000200   Data   RO         1535    .rodata.FCS16Table  dlms.o
    0x08015e42   0x08015e42   0x00000003   Data   RO         1533    .rodata.LLC_REPLY_BYTES  dlms.o
    0x08015e45   0x08015e45   0x00000003   Data   RO         1532    .rodata.LLC_SEND_BYTES  dlms.o
    0x08015e48   0x08015e48   0x00000030   Data   RO          832    .rodata.MSIRangeTable  system_stm32l4xx.o
    0x08015e78   0x08015e78   0x00000008   Data   RO         1067    .rodata.WRAP_IV     ciphering.o
    0x08015e80   0x08015e80   0x00000100   Data   RO         1607    .rodata.__RS_BOX    gxaes.o
    0x08015f80   0x08015f80   0x0000000f   Data   RO         1608    .rodata.__R_CON     gxaes.o
    0x08015f8f   0x08015f8f   0x00000100   Data   RO         1606    .rodata.__SBOX      gxaes.o
    0x0801608f   0x0801608f   0x00000001   PAD
    0x08016090   0x08016090   0x00000010   Data   RO          327    .rodata.cst16       stm32l4xx_hal_uart.o
    0x080160a0   0x080160a0   0x00000010   Data   RO         1531    .rodata.cst16       dlms.o
    0x080160b0   0x080160b0   0x00000006   Data   RO         1725    .rodata.getLNObjects.ln  gxget.o
    0x080160b6   0x080160b6   0x00000013   Data   RO           85    .rodata.str1.1      main.o
    0x080160c9   0x080160c9   0x00000003   PAD
    0x080160cc   0x080160cc   0x00000020   Data   RO         3093    Region$$Table       anon$$obj.o


    Execution Region RW_IRAM2 (Exec base: 0x10000000, Load base: 0x08016118, Size: 0x00000000, Max: 0x00004000, ABSOLUTE)

    **** No section assigned to this execution region ****


    Execution Region RW_IRAM1 (Exec base: 0x20000000, Load base: 0x080160f0, Size: 0x000017b0, Max: 0x0000c000, ABSOLUTE)

    Exec Addr    Load Addr    Size         Type   Attr      Idx    E Section Name        Object

    0x20000000   0x080160f0   0x00000018   Data   RW          102    .data..L_MergedGlobals  main.o
    0x20000018   0x08016108   0x00000008   Data   RW          407    .data..L_MergedGlobals  stm32l4xx_hal.o
    0x20000020   0x08016110   0x00000004   Data   RW          829    .data.SystemCoreClock  system_stm32l4xx.o
    0x20000024   0x08016114   0x00000002   Data   RW         2279    .data.lfsr          helpers.o
    0x20000026   0x08016116   0x00000002   PAD
    0x20000028        -       0x00000060   Zero   RW         2948    .bss                c_w.l(libspace.o)
    0x20000088        -       0x00000064   Zero   RW          103    .bss..L_MergedGlobals.12  main.o
    0x200000ec   0x08016116   0x00000004   PAD
    0x200000f0        -       0x00000050   Zero   RW          104    .bss..L_MergedGlobals.13  main.o
    0x20000140        -       0x00000070   Zero   RW          105    .bss..L_MergedGlobals.14  main.o
    0x200001b0        -       0x00000040   Zero   RW           98    .bss.C2S_CHALLENGE  main.o
    0x200001f0        -       0x00000040   Zero   RW           99    .bss.S2C_CHALLENGE  main.o
    0x20000230        -       0x00000080   Zero   RW           87    .bss.association    main.o
    0x200002b0        -       0x00000004   Zero   RW         2280    .bss.bit            helpers.o
    0x200002b4        -       0x00000014   Zero   RW         1065    .bss.cip_crypt.NONSE  ciphering.o
    0x200002c8        -       0x000000f0   Zero   RW         1064    .bss.cip_crypt.gx_roundKeys  ciphering.o
    0x200003b8        -       0x00000008   Zero   RW         1066    .bss.cip_decrypt.systemTitle  ciphering.o
    0x200003c0        -       0x0000004c   Zero   RW           89    .bss.clock1         main.o
    0x2000040c   0x08016116   0x00000004   PAD
    0x20000410        -       0x00000370   Zero   RW           97    .bss.events         main.o
    0x20000780        -       0x00000091   Zero   RW           95    .bss.frameBuff      main.o
    0x20000811        -       0x000000f0   Zero   RW         1605    .bss.gxaes_decrypt.gx_roundKeys  gxaes.o
    0x20000901        -       0x000000f0   Zero   RW         1604    .bss.gxaes_encrypt.gx_roundKeys  gxaes.o
    0x200009f1   0x08016116   0x00000003   PAD
    0x200009f4        -       0x000000b8   Zero   RW          100    .bss.huart1         main.o
    0x20000aac        -       0x000000b8   Zero   RW           93    .bss.huart2         main.o
    0x20000b64        -       0x00000046   Zero   RW         1534    .bss.pduAttributes  dlms.o
    0x20000baa        -       0x00000203   Zero   RW           96    .bss.pduBuff        main.o
    0x20000dad        -       0x00000211   Zero   RW           94    .bss.replyFrame     main.o
    0x20000fbe   0x08016116   0x00000002   PAD
    0x20000fc0        -       0x000001e0   Zero   RW           90    .bss.settings       main.o
    0x200011a0        -       0x0000000a   Zero   RW         2467    .bss.svr_handleRequest4.tmp  server.o
    0x200011aa   0x08016116   0x00000002   PAD
    0x200011ac        -       0x00000004   Zero   RW          406    .bss.uwTick         stm32l4xx_hal.o
    0x200011b0        -       0x00000200   Zero   RW            2    HEAP                startup_stm32l433xx.o
    0x200013b0        -       0x00000400   Zero   RW            1    STACK               startup_stm32l433xx.o


==============================================================================

Image component sizes


      Code (inc. data)   RO Data    RW Data    ZI Data      Debug   Object Name

      5980        242          8          0          0      31369   apdu.o
       600         32          0          0          0       8710   bitarray.o
      2208          0          0          0          0      31463   bytebuffer.o
      5212        376          8          0        268      27510   ciphering.o
      3396        594          6          0          0      59424   cosem.o
        12          0          0          0          0       1743   datainfo.o
      2396          0         52          0          0      31836   date.o
     11114        512        558          0         70      79317   dlms.o
       960          0          0          0          0      22639   dlmssettings.o
      3540          0        527          0        480      19053   gxaes.o
       354          0          0          0          0       9097   gxarray.o
      8406        454         12          0          0      64727   gxget.o
      3992        154          0          0          0      42625   gxinvoke.o
      1114        548          6          0          0      29508   gxobjects.o
       706        302          0          0          0      27205   gxset.o
      8156        146          0          0          0      73546   gxsetignoremalloc.o
       162          0          0          0          0       7893   gxvalueeventargs.o
       536          6        136          2          4      26164   helpers.o
      1890         24         21         24       3541      41863   main.o
       180          0          0          0          0      13984   objectarray.o
        66          0          0          0          0       9333   parameters.o
       116          0          0          0          0       6930   replydata.o
      9014         84         12          0         10      71177   server.o
        64         26        396          0       1536        860   startup_stm32l433xx.o
       202          0          0          8          4       8857   stm32l4xx_hal.o
       194          0          0          0          0      10484   stm32l4xx_hal_cortex.o
       174          0          0          0          0       7791   stm32l4xx_hal_dma.o
       492          0          0          0          0       5677   stm32l4xx_hal_gpio.o
       294          0          0          0          0       8248   stm32l4xx_hal_msp.o
       168          0          0          0          0       9268   stm32l4xx_hal_pwr_ex.o
      2912          0          0          0          0      12030   stm32l4xx_hal_rcc.o
      1106          0          0          0          0      13930   stm32l4xx_hal_rcc_ex.o
      5812         64         16          0          0      40728   stm32l4xx_hal_uart.o
         2          0          0          0          0       9400   stm32l4xx_hal_uart_ex.o
        44          0          0          0          0       4485   stm32l4xx_it.o
        18          0         72          4          0       2981   system_stm32l4xx.o
      2386        174          0          0          0      23099   variant.o

    ----------------------------------------------------------------------
     84402       3738       1869         40       5928     894954   Object Totals
         0          0         32          0          0          0   (incl. Generated)
       424          0          7          2         15          0   (incl. Padding)

    ----------------------------------------------------------------------

      Code (inc. data)   RO Data    RW Data    ZI Data      Debug   Library Member Name

         8          0          0          0          0         68   __main.o
       398          4         17          0          0         92   __printf_flags_ss_wp.o
        14          0          0          0          0         68   __printf_wp.o
         0          0          0          0          0          0   __rtentry.o
        12          0          0          0          0          0   __rtentry2.o
         6          0          0          0          0          0   __rtentry4.o
        52          8          0          0          0          0   __scatter.o
        26          0          0          0          0          0   __scatter_copy.o
        28          0          0          0          0          0   __scatter_zi.o
        44          0          0          0          0        108   _printf_char.o
        48          6          0          0          0         96   _printf_char_common.o
        40          0          0          0          0         68   _printf_charcount.o
         6          0          0          0          0          0   _printf_d.o
       120         16          0          0          0         92   _printf_dec.o
        84          6         40          0          0         88   _printf_hex_ptr.o
       178          0          0          0          0         88   _printf_intcommon.o
         6          0          0          0          0          0   _printf_n.o
         6          0          0          0          0          0   _printf_p.o
        78          0          0          0          0        108   _printf_pad.o
         0          0          0          0          0          0   _printf_percent.o
         4          0          0          0          0          0   _printf_percent_end.o
         6          0          0          0          0          0   _printf_s.o
        82          0          0          0          0         80   _printf_str.o
         6          0          0          0          0          0   _printf_u.o
        10          0          0          0          0         68   _sputc.o
        16          0          0          0          0         68   aeabi_memset4.o
        18          0          0          0          0         80   exit.o
         6          0          0          0          0        152   heapauxi.o
         0          0          0          0          0          0   indicate_semi.o
         2          0          0          0          0          0   libinit.o
         6          0          0          0          0          0   libinit2.o
         2          0          0          0          0          0   libshutdown.o
         2          0          0          0          0          0   libshutdown2.o
         8          4          0          0         96         68   libspace.o
       240          0          0          0          0        100   lludivv7m.o
        88          0          0          0          0         76   memcmp.o
        40          6          0          0          0         84   noretval__2sprintf.o
        68          0          0          0          0         68   rt_memclr.o
        78          0          0          0          0         80   rt_memclr_w.o
       138          0          0          0          0         68   rt_memcpy_v6.o
       100          0          0          0          0         80   rt_memcpy_w.o
       132          0          0          0          0         68   rt_memmove_v6.o
       122          0          0          0          0         80   rt_memmove_w.o
         2          0          0          0          0          0   rtexit.o
        10          0          0          0          0          0   rtexit2.o
        62          0          0          0          0         76   strlen.o
        12          4          0          0          0         68   sys_exit.o
        74          0          0          0          0         80   sys_stackheap_outer.o
         2          0          0          0          0         68   use_no_semi.o
       812         16          0          0          0        392   daddsub_clz.o
        94          4          0          0          0        140   dfix.o
        84          0          0          0          0        232   dflt_clz.o
       340         12          0          0          0        152   dmul.o
       156          4          0          0          0        140   dnaninf.o
        12          0          0          0          0        116   dretinf.o
        26          0          0          0          0        116   fpinit.o
         0          0          0          0          0          0   usenofp.o

    ----------------------------------------------------------------------
      4020         90         57          0         96       3676   Library Totals
         6          0          0          0          0          0   (incl. Padding)

    ----------------------------------------------------------------------

      Code (inc. data)   RO Data    RW Data    ZI Data      Debug   Library Name

      2490         54         57          0         96       2388   c_w.l
      1524         36          0          0          0       1288   fz_wm.l

    ----------------------------------------------------------------------
      4020         90         57          0         96       3676   Library Totals

    ----------------------------------------------------------------------

==============================================================================


      Code (inc. data)   RO Data    RW Data    ZI Data      Debug   

     88422       3828       1926         40       6024     895830   Grand Totals
     88422       3828       1926         40       6024     895830   ELF Image Totals
     88422       3828       1926         40          0          0   ROM Totals

==============================================================================

    Total RO  Size (Code + RO Data)                90348 (  88.23kB)
    Total RW  Size (RW Data + ZI Data)              6064 (   5.92kB)
    Total ROM Size (Code + RO Data + RW Data)      90388 (  88.27kB)

==============================================================================

