<html>
<body>
<pre>
<h1>µVision Build Log</h1>
<h2>Tool Versions:</h2>
IDE-Version: ¦ÌVision V5.36.0.0
Copyright (C) 2021 ARM Ltd and ARM Germany GmbH. All rights reserved.
License Information: cai cai4633, cai, LIC=ZB4EI-T47JL-010P1-CAPST-TH5EE-FT8H7
 
Tool Versions:
Toolchain:       MDK-ARM Plus  Version: 5.36.0.0
Toolchain Path:  D:\MDK5.36\ARM\ARMCLANG\Bin
C Compiler:      ArmClang.exe V6.16
Assembler:       Armasm.exe V6.16
Linker/Locator:  ArmLink.exe V6.16
Library Manager: ArmAr.exe V6.16
Hex Converter:   FromElf.exe V6.16
CPU DLL:         SARMCM3.DLL V5.36.0.0
Dialog DLL:      DCM.DLL V1.17.3.0
Target DLL:      STLink\ST-LINKIII-KEIL_SWO.dll V3.0.9.0
Dialog DLL:      TCM.DLL V1.53.0.0
 
<h2>Project:</h2>
E:\yuanguang\GuruxDLMS.c\Keil\NUCLEO-L433xx\GuruxDLMSSimpleServerExample2\MDK-ARM\GuruxDLMSSimpleServerExample2.uvprojx
Project File Date:  12/22/2025

<h2>Output:</h2>
*** Using Compiler 'V6.16', folder: 'D:\MDK5.36\ARM\ARMCLANG\Bin'
Rebuild target 'GuruxDLMSSimpleServerExample2'
compiling stm32l4xx_hal_tim.c...
assembling startup_stm32l433xx.s...
compiling stm32l4xx_it.c...
compiling stm32l4xx_hal_tim_ex.c...
compiling stm32l4xx_hal_msp.c...
compiling stm32l4xx_hal.c...
compiling stm32l4xx_hal_uart_ex.c...
../Core/Src/main.c(227): warning: format specifies type 'long' but the argument has type 'int32_t' (aka 'int') [-Wformat]
  sprintf(data, " %ld", value);
                  ~~~   ^~~~~
                  %d
1 warning generated.
compiling main.c...
compiling stm32l4xx_hal_rcc_ex.c...
compiling stm32l4xx_hal_rcc.c...
compiling stm32l4xx_hal_flash_ramfunc.c...
compiling stm32l4xx_hal_flash.c...
compiling stm32l4xx_hal_gpio.c...
compiling stm32l4xx_hal_dma_ex.c...
compiling stm32l4xx_hal_flash_ex.c...
compiling stm32l4xx_hal_dma.c...
compiling stm32l4xx_hal_pwr.c...
compiling stm32l4xx_hal_exti.c...
compiling system_stm32l4xx.c...
compiling stm32l4xx_hal_cortex.c...
compiling stm32l4xx_hal_pwr_ex.c...
compiling client.c...
compiling bitarray.c...
compiling converters.c...
compiling stm32l4xx_hal_uart.c...
compiling datainfo.c...
compiling apdu.c...
compiling bytebuffer.c...
compiling dlmsSettings.c...
compiling ciphering.c...
compiling gxarray.c...
compiling gxkey.c...
compiling gxmd5.c...
compiling gxaes.c...
compiling date.c...
compiling cosem.c...
compiling gxinvoke.c...
compiling gxset.c...
compiling gxobjects.c...
compiling gxsetmalloc.c...
compiling gxsha1.c...
compiling gxsha256.c...
compiling gxget.c...
compiling gxvalueeventargs.c...
compiling message.c...
compiling parameters.c...
compiling replydata.c...
compiling notify.c...
compiling objectarray.c...
compiling serverevents.c...
compiling dlms.c...
compiling gxsetignoremalloc.c...
compiling helpers.c...
compiling variant.c...
compiling server.c...
compiling gxserializer.c...
linking...
Program Size: Code=88422 RO-data=1926 RW-data=40 ZI-data=6024  
FromELF: creating hex file...
"GuruxDLMSSimpleServerExample2\GuruxDLMSSimpleServerExample2.axf" - 0 Error(s), 1 Warning(s).

<h2>Software Packages used:</h2>

Package Vendor: ARM
                http://www.keil.com/pack/ARM.CMSIS.5.8.0.pack
                ARM.CMSIS.5.8.0
                CMSIS (Common Microcontroller Software Interface Standard)
   * Component: CORE Version: 5.5.0

Package Vendor: Keil
                https://www.keil.com/pack/Keil.STM32L4xx_DFP.3.1.0.pack
                Keil.STM32L4xx_DFP.3.1.0
                STMicroelectronics STM32L4 Series Device Support

<h2>Collection of Component include folders:</h2>
  .\RTE\_GuruxDLMSSimpleServerExample2
  D:\MDK5.36\Packs\ARM\CMSIS\5.8.0\CMSIS\Core\Include

<h2>Collection of Component Files used:</h2>

   * Component: ARM::CMSIS:CORE:5.5.0
      Include file:  CMSIS\Core\Include\tz_context.h
Build Time Elapsed:  00:00:05
</pre>
</body>
</html>
